?   	kicadai	[no test files]
ok  	kicadai/cmd/ai-requirement-eval	0.304s
ok  	kicadai/cmd/kicadai	46.653s
ok  	kicadai/cmd/kicadai-baseline-publish-v10	0.756s
ok  	kicadai/cmd/kicadai-capability-advance-v10	0.721s
ok  	kicadai/cmd/kicadai-capability-eval	0.971s
ok  	kicadai/cmd/kicadai-capability-rank-v10	0.346s
ok  	kicadai/cmd/kicadai-corpus-publish	0.476s
ok  	kicadai/cmd/kicadai-corpus-publish-v10	0.399s
ok  	kicadai/cmd/kicadai-corpus-publish-v6	0.494s
ok  	kicadai/cmd/kicadai-corpus-publish-v7	0.491s
ok  	kicadai/cmd/kicadai-corpus-publish-v8	0.472s
ok  	kicadai/cmd/kicadai-corpus-validate	0.470s
ok  	kicadai/cmd/kicadai-corpus-validate-v10	0.534s
ok  	kicadai/cmd/kicadai-corpus-validate-v6	0.531s
ok  	kicadai/cmd/kicadai-corpus-validate-v7	0.531s
ok  	kicadai/cmd/kicadai-corpus-validate-v8	0.464s
ok  	kicadai/cmd/kicadai-corpus-validate-v9	0.615s
ok  	kicadai/cmd/kicadai-discovery-baseline-v10	0.338s
ok  	kicadai/cmd/kicadai-discovery-baseline-v11	0.642s
ok  	kicadai/cmd/kicadai-discovery-baseline-v12	0.663s
ok  	kicadai/cmd/kicadai-discovery-baseline-v13	0.614s
ok  	kicadai/cmd/kicadai-discovery-baseline-v14	0.556s
ok  	kicadai/cmd/kicadai-discovery-baseline-v15	0.576s
ok  	kicadai/cmd/kicadai-discovery-baseline-v16	0.585s
ok  	kicadai/cmd/kicadai-discovery-baseline-v17	0.569s
ok  	kicadai/cmd/kicadai-discovery-baseline-v18	0.676s
ok  	kicadai/cmd/kicadai-discovery-baseline-v19	0.666s
ok  	kicadai/cmd/kicadai-discovery-baseline-v20	0.711s
ok  	kicadai/cmd/kicadai-discovery-baseline-v21	0.753s
ok  	kicadai/cmd/kicadai-discovery-baseline-v22	0.716s
ok  	kicadai/cmd/kicadai-discovery-baseline-v23	0.688s
ok  	kicadai/cmd/kicadai-electrical-diagnostics	0.587s
ok  	kicadai/cmd/kicadai-promotion	0.692s
ok  	kicadai/cmd/kicadai-v9-history-custodian	0.550s
?   	kicadai/cmd/practical-board-eval	[no test files]
ok  	kicadai/internal/aiprovider	0.621s
ok  	kicadai/internal/aireadiness	0.530s
ok  	kicadai/internal/airequirementeval	3.129s
ok  	kicadai/internal/amplifiers	0.686s
ok  	kicadai/internal/architecturesearch	5.324s
ok  	kicadai/internal/atomicdir	0.215s
ok  	kicadai/internal/atomicfile	2.041s
ok  	kicadai/internal/behavioralintent	0.360s
ok  	kicadai/internal/blindbaseline	0.587s
ok  	kicadai/internal/blocks	1.912s
ok  	kicadai/internal/blocks/verification	2.795s
ok  	kicadai/internal/boardvalidation	0.199s
ok  	kicadai/internal/buildinfo	1.484s
ok  	kicadai/internal/canonicaljsonstream	0.405s
ok  	kicadai/internal/capabilityadvancementv10	0.547s
ok  	kicadai/internal/capabilitybaselinepublicationv10	0.255s
ok  	kicadai/internal/capabilitybaselinepublicationv9	0.394s
ok  	kicadai/internal/capabilitybaselinev10	0.405s
ok  	kicadai/internal/capabilitybaselinev9	0.417s
ok  	kicadai/internal/capabilitybundles	0.515s
ok  	kicadai/internal/capabilityevaluation	0.564s
ok  	kicadai/internal/capabilityexecutorv10	26.218s
ok  	kicadai/internal/capabilityexpansion	0.322s
ok  	kicadai/internal/capabilityfeedback	29.332s
ok  	kicadai/internal/capabilitygate	0.405s
ok  	kicadai/internal/capabilitypackages	0.173s
ok  	kicadai/internal/capabilityrounds	0.245s
ok  	kicadai/internal/capabilityroundsv10	0.172s
ok  	kicadai/internal/capabilityroundsv8	0.234s
ok  	kicadai/internal/capabilityroundsv9	5.770s
ok  	kicadai/internal/capabilityselectionv10	0.247s
ok  	kicadai/internal/circuitgraph	32.823s
ok  	kicadai/internal/closedloopsynthesis	0.275s
ok  	kicadai/internal/componentonboarding	4.289s
ok  	kicadai/internal/componentprops	0.180s
ok  	kicadai/internal/components	1.911s
ok  	kicadai/internal/compositionlowering	93.152s
ok  	kicadai/internal/config	0.173s
ok  	kicadai/internal/corpusassignment	0.177s
ok  	kicadai/internal/corpusfreeze	0.224s
ok  	kicadai/internal/corpusfreezev10	0.212s
ok  	kicadai/internal/corpusfreezev6	0.194s
ok  	kicadai/internal/corpusfreezev7	0.181s
ok  	kicadai/internal/corpusfreezev8	0.202s
ok  	kicadai/internal/corpusfreezev9	0.191s
ok  	kicadai/internal/corpushistoryv9	0.322s
ok  	kicadai/internal/corpuspublication	3.273s
ok  	kicadai/internal/creationevidence	0.800s
ok  	kicadai/internal/designworkflow	31.547s
ok  	kicadai/internal/domain	0.196s
ok  	kicadai/internal/electricaldiagnostics	0.294s
ok  	kicadai/internal/evaluate	0.402s
ok  	kicadai/internal/externalkey	0.273s
ok  	kicadai/internal/fabrication	0.481s
ok  	kicadai/internal/fabrication/physicalrules	0.283s
ok  	kicadai/internal/fabrication/profiles	0.197s
ok  	kicadai/internal/generate	0.296s
ok  	kicadai/internal/generationcapability	0.240s
ok  	kicadai/internal/inspect	0.224s
ok  	kicadai/internal/intentdraft	0.209s
ok  	kicadai/internal/intentplanner	0.777s
ok  	kicadai/internal/ipc	0.453s
ok  	kicadai/internal/kiapi	0.209s
?   	kicadai/internal/kiapi/gen/board	[no test files]
?   	kicadai/internal/kiapi/gen/board/commands	[no test files]
?   	kicadai/internal/kiapi/gen/board/jobs	[no test files]
?   	kicadai/internal/kiapi/gen/board/types	[no test files]
?   	kicadai/internal/kiapi/gen/common	[no test files]
?   	kicadai/internal/kiapi/gen/common/commands	[no test files]
?   	kicadai/internal/kiapi/gen/common/project	[no test files]
?   	kicadai/internal/kiapi/gen/common/types	[no test files]
?   	kicadai/internal/kiapi/gen/schematic/jobs	[no test files]
?   	kicadai/internal/kiapi/gen/schematic/types	[no test files]
ok  	kicadai/internal/kicadfiles	0.168s
ok  	kicadai/internal/kicadfiles/checks	0.185s
ok  	kicadai/internal/kicadfiles/design	0.764s
ok  	kicadai/internal/kicadfiles/designapi	0.784s
ok  	kicadai/internal/kicadfiles/library	0.180s
ok  	kicadai/internal/kicadfiles/pcb	0.213s
ok  	kicadai/internal/kicadfiles/project	0.181s
ok  	kicadai/internal/kicadfiles/roundtrip	1.843s
ok  	kicadai/internal/kicadfiles/schematic	0.309s
ok  	kicadai/internal/kicadfiles/sexpr	0.209s
ok  	kicadai/internal/libraryresolver	0.379s
ok  	kicadai/internal/manifest	0.266s
ok  	kicadai/internal/modelprovenance	0.345s
ok  	kicadai/internal/obligationanchor	0.212s
ok  	kicadai/internal/opentopologysynthesis	675.774s
ok  	kicadai/internal/pcbrules	0.531s
ok  	kicadai/internal/pinmap	0.202s
ok  	kicadai/internal/placement	1.068s
ok  	kicadai/internal/practicalboardeval	0.851s
ok  	kicadai/internal/preservation	0.201s
ok  	kicadai/internal/promotionrunner	1.983s
ok  	kicadai/internal/promotiontoolchain	0.669s
ok  	kicadai/internal/provenance	0.188s
ok  	kicadai/internal/rationale	0.321s
ok  	kicadai/internal/repair	5.492s
ok  	kicadai/internal/repairloop	0.211s
ok  	kicadai/internal/reportartifacts	0.180s
ok  	kicadai/internal/reports	0.179s
ok  	kicadai/internal/routing	0.215s
ok  	kicadai/internal/routingadapters	0.182s
ok  	kicadai/internal/runtimebudget	0.183s
ok  	kicadai/internal/schematic	0.226s
ok  	kicadai/internal/schematicir	60.587s
ok  	kicadai/internal/schematiclayout	0.656s
ok  	kicadai/internal/schematicpcb	0.196s
ok  	kicadai/internal/schematicrules	0.184s
ok  	kicadai/internal/simmodel	0.579s
ok  	kicadai/internal/simulationadmission	0.325s
?   	kicadai/internal/testsupport/tolerancecorpus	[no test files]
ok  	kicadai/internal/transactions	1.709s
ok  	kicadai/internal/workflows	0.249s
ok  	kicadai/internal/writercorrectness	0.233s
ok  	kicadai/specs/ai-requirement-contract-integration/publication-live-v1/replay-audit	0.220s
ok  	kicadai/specs/behavioral-contract-feasibility-realizability	0.181s
ok  	kicadai/specs/closed-loop-open-set-capability-expansion	0.355s
ok  	kicadai/specs/electrical-repair-followup-v23	0.264s
ok  	kicadai/specs/electrical-repair-followup-v23/public-evaluation-v23	0.346s
ok  	kicadai/specs/electrical-repair-followup-v23/publication-v23	0.256s
ok  	kicadai/specs/fable-code-review-remediation	0.185s
ok  	kicadai/specs/generic-analysis-model-solver-admission	0.175s
ok  	kicadai/specs/generic-causal-topology-repair	0.187s
ok  	kicadai/specs/generic-causal-topology-repair/maintenance-evaluation-1	0.288s
ok  	kicadai/specs/post-topology-electrical-blockers	0.202s
ok  	kicadai/specs/post-topology-electrical-blockers/public-evaluation-v22	0.317s
ok  	kicadai/specs/post-topology-electrical-blockers/publication-v22	0.251s
?   	kicadai/specs/tolerance-sensitivity	[no test files]
