?   	kicadai	[no test files]
ok  	kicadai/cmd/ai-requirement-eval	(cached)
ok  	kicadai/cmd/kicadai	(cached)
ok  	kicadai/cmd/kicadai-baseline-publish-v10	(cached)
ok  	kicadai/cmd/kicadai-board-family	(cached)
ok  	kicadai/cmd/kicadai-capability-advance-v10	(cached)
ok  	kicadai/cmd/kicadai-capability-eval	(cached)
ok  	kicadai/cmd/kicadai-capability-rank-v10	(cached)
ok  	kicadai/cmd/kicadai-corpus-publish	(cached)
ok  	kicadai/cmd/kicadai-corpus-publish-v10	(cached)
ok  	kicadai/cmd/kicadai-corpus-publish-v6	(cached)
ok  	kicadai/cmd/kicadai-corpus-publish-v7	(cached)
ok  	kicadai/cmd/kicadai-corpus-publish-v8	(cached)
ok  	kicadai/cmd/kicadai-corpus-validate	(cached)
ok  	kicadai/cmd/kicadai-corpus-validate-v10	(cached)
ok  	kicadai/cmd/kicadai-corpus-validate-v6	(cached)
ok  	kicadai/cmd/kicadai-corpus-validate-v7	(cached)
ok  	kicadai/cmd/kicadai-corpus-validate-v8	(cached)
ok  	kicadai/cmd/kicadai-corpus-validate-v9	(cached)
ok  	kicadai/cmd/kicadai-discovery-baseline-v10	(cached)
ok  	kicadai/cmd/kicadai-discovery-baseline-v11	(cached)
ok  	kicadai/cmd/kicadai-discovery-baseline-v12	(cached)
ok  	kicadai/cmd/kicadai-discovery-baseline-v13	(cached)
ok  	kicadai/cmd/kicadai-discovery-baseline-v14	(cached)
ok  	kicadai/cmd/kicadai-discovery-baseline-v15	(cached)
ok  	kicadai/cmd/kicadai-discovery-baseline-v16	(cached)
ok  	kicadai/cmd/kicadai-discovery-baseline-v17	(cached)
ok  	kicadai/cmd/kicadai-discovery-baseline-v18	(cached)
ok  	kicadai/cmd/kicadai-discovery-baseline-v19	(cached)
ok  	kicadai/cmd/kicadai-discovery-baseline-v20	(cached)
ok  	kicadai/cmd/kicadai-discovery-baseline-v21	(cached)
ok  	kicadai/cmd/kicadai-discovery-baseline-v22	(cached)
ok  	kicadai/cmd/kicadai-discovery-baseline-v23	(cached)
ok  	kicadai/cmd/kicadai-electrical-diagnostics	(cached)
ok  	kicadai/cmd/kicadai-promotion	(cached)
ok  	kicadai/cmd/kicadai-v9-history-custodian	(cached)
?   	kicadai/cmd/practical-board-eval	[no test files]
ok  	kicadai/internal/aiprovider	(cached)
ok  	kicadai/internal/aireadiness	(cached)
ok  	kicadai/internal/airequirementeval	(cached)
ok  	kicadai/internal/amplifiers	(cached)
ok  	kicadai/internal/architecturesearch	(cached)
ok  	kicadai/internal/atomicdir	(cached)
ok  	kicadai/internal/atomicfile	(cached)
ok  	kicadai/internal/behavioralintent	(cached)
ok  	kicadai/internal/blindbaseline	(cached)
ok  	kicadai/internal/blocks	(cached)
ok  	kicadai/internal/blocks/verification	(cached)
ok  	kicadai/internal/boardfamily	0.606s
ok  	kicadai/internal/boardvalidation	(cached)
ok  	kicadai/internal/buildinfo	(cached)
ok  	kicadai/internal/canonicaljsonstream	(cached)
ok  	kicadai/internal/capabilityadvancementv10	(cached)
ok  	kicadai/internal/capabilitybaselinepublicationv10	(cached)
ok  	kicadai/internal/capabilitybaselinepublicationv9	(cached)
ok  	kicadai/internal/capabilitybaselinev10	(cached)
ok  	kicadai/internal/capabilitybaselinev9	(cached)
ok  	kicadai/internal/capabilitybundles	(cached)
ok  	kicadai/internal/capabilityevaluation	(cached)
ok  	kicadai/internal/capabilityexecutorv10	(cached)
ok  	kicadai/internal/capabilityexpansion	(cached)
ok  	kicadai/internal/capabilityfeedback	27.344s
ok  	kicadai/internal/capabilitygate	(cached)
ok  	kicadai/internal/capabilitypackages	(cached)
ok  	kicadai/internal/capabilityrounds	(cached)
ok  	kicadai/internal/capabilityroundsv10	(cached)
ok  	kicadai/internal/capabilityroundsv8	(cached)
ok  	kicadai/internal/capabilityroundsv9	(cached)
ok  	kicadai/internal/capabilityselectionv10	(cached)
ok  	kicadai/internal/circuitgraph	(cached)
ok  	kicadai/internal/closedloopsynthesis	(cached)
ok  	kicadai/internal/componentonboarding	3.443s
ok  	kicadai/internal/componentprops	(cached)
ok  	kicadai/internal/components	(cached)
ok  	kicadai/internal/compositionlowering	(cached)
ok  	kicadai/internal/config	(cached)
ok  	kicadai/internal/corpusassignment	(cached)
ok  	kicadai/internal/corpusfreeze	(cached)
ok  	kicadai/internal/corpusfreezev10	(cached)
ok  	kicadai/internal/corpusfreezev6	(cached)
ok  	kicadai/internal/corpusfreezev7	(cached)
ok  	kicadai/internal/corpusfreezev8	(cached)
ok  	kicadai/internal/corpusfreezev9	(cached)
ok  	kicadai/internal/corpushistoryv9	(cached)
ok  	kicadai/internal/corpuspublication	(cached)
ok  	kicadai/internal/creationevidence	(cached)
ok  	kicadai/internal/designworkflow	(cached)
ok  	kicadai/internal/domain	(cached)
ok  	kicadai/internal/electricaldiagnostics	(cached)
ok  	kicadai/internal/evaluate	(cached)
ok  	kicadai/internal/externalkey	(cached)
ok  	kicadai/internal/fabrication	(cached)
ok  	kicadai/internal/fabrication/physicalrules	(cached)
ok  	kicadai/internal/fabrication/profiles	(cached)
ok  	kicadai/internal/generate	(cached)
ok  	kicadai/internal/generationcapability	(cached)
ok  	kicadai/internal/inspect	(cached)
ok  	kicadai/internal/intentdraft	(cached)
ok  	kicadai/internal/intentplanner	(cached)
ok  	kicadai/internal/ipc	(cached)
ok  	kicadai/internal/kiapi	(cached)
?   	kicadai/internal/kiapi/gen/board	[no test files]
?   	kicadai/internal/kiapi/gen/board/commands	[no test files]
?   	kicadai/internal/kiapi/gen/board/jobs	[no test files]
?   	kicadai/internal/kiapi/gen/board/types	[no test files]
?   	kicadai/internal/kiapi/gen/common	[no test files]
?   	kicadai/internal/kiapi/gen/common/commands	[no test files]
?   	kicadai/internal/kiapi/gen/common/project	[no test files]
?   	kicadai/internal/kiapi/gen/common/types	[no test files]
?   	kicadai/internal/kiapi/gen/schematic/jobs	[no test files]
?   	kicadai/internal/kiapi/gen/schematic/types	[no test files]
ok  	kicadai/internal/kicadfiles	(cached)
ok  	kicadai/internal/kicadfiles/checks	(cached)
ok  	kicadai/internal/kicadfiles/design	(cached)
ok  	kicadai/internal/kicadfiles/designapi	(cached)
ok  	kicadai/internal/kicadfiles/library	(cached)
ok  	kicadai/internal/kicadfiles/pcb	(cached)
ok  	kicadai/internal/kicadfiles/project	(cached)
ok  	kicadai/internal/kicadfiles/roundtrip	(cached)
ok  	kicadai/internal/kicadfiles/schematic	(cached)
ok  	kicadai/internal/kicadfiles/sexpr	(cached)
ok  	kicadai/internal/libraryresolver	(cached)
ok  	kicadai/internal/manifest	(cached)
ok  	kicadai/internal/modelprovenance	(cached)
ok  	kicadai/internal/obligationanchor	(cached)
ok  	kicadai/internal/opentopologysynthesis	(cached)
ok  	kicadai/internal/pcbrules	(cached)
ok  	kicadai/internal/pinmap	(cached)
ok  	kicadai/internal/placement	(cached)
ok  	kicadai/internal/practicalboardeval	(cached)
ok  	kicadai/internal/preservation	(cached)
ok  	kicadai/internal/promotionrunner	(cached)
ok  	kicadai/internal/promotiontoolchain	(cached)
ok  	kicadai/internal/provenance	(cached)
ok  	kicadai/internal/rationale	(cached)
ok  	kicadai/internal/repair	(cached)
ok  	kicadai/internal/repairloop	(cached)
ok  	kicadai/internal/reportartifacts	(cached)
ok  	kicadai/internal/reports	(cached)
ok  	kicadai/internal/routing	(cached)
ok  	kicadai/internal/routingadapters	(cached)
ok  	kicadai/internal/runtimebudget	(cached)
ok  	kicadai/internal/schematic	(cached)
ok  	kicadai/internal/schematicir	(cached)
ok  	kicadai/internal/schematiclayout	(cached)
ok  	kicadai/internal/schematicpcb	(cached)
ok  	kicadai/internal/schematicrules	(cached)
ok  	kicadai/internal/simmodel	(cached)
ok  	kicadai/internal/simulationadmission	(cached)
?   	kicadai/internal/testsupport/tolerancecorpus	[no test files]
ok  	kicadai/internal/transactions	(cached)
ok  	kicadai/internal/workflows	(cached)
ok  	kicadai/internal/writercorrectness	(cached)
ok  	kicadai/specs/ai-requirement-contract-integration/publication-live-v1/replay-audit	(cached)
ok  	kicadai/specs/behavioral-contract-feasibility-realizability	(cached)
?   	kicadai/specs/board-family-v1/development	[no test files]
?   	kicadai/specs/board-family-v1/development/controller-bypass	[no test files]
?   	kicadai/specs/board-family-v1/development/inspect-board	[no test files]
?   	kicadai/specs/board-family-v1/development/replay-decisions	[no test files]
ok  	kicadai/specs/closed-loop-open-set-capability-expansion	(cached)
ok  	kicadai/specs/electrical-repair-followup-v23	(cached)
ok  	kicadai/specs/electrical-repair-followup-v23/public-evaluation-v23	(cached)
ok  	kicadai/specs/electrical-repair-followup-v23/publication-v23	(cached)
ok  	kicadai/specs/fable-code-review-remediation	(cached)
ok  	kicadai/specs/generic-analysis-model-solver-admission	(cached)
ok  	kicadai/specs/generic-causal-topology-repair	(cached)
ok  	kicadai/specs/generic-causal-topology-repair/maintenance-evaluation-1	(cached)
ok  	kicadai/specs/post-topology-electrical-blockers	(cached)
ok  	kicadai/specs/post-topology-electrical-blockers/public-evaluation-v22	(cached)
ok  	kicadai/specs/post-topology-electrical-blockers/publication-v22	(cached)
ok  	kicadai/specs/practical-board-completion-v1/engine	(cached)
?   	kicadai/specs/tolerance-sensitivity	[no test files]
