=== RUN   TestNativeLocalWiringFrozenCandidateDiagnostic
    native_local_wiring_diagnostic_test.go:52: derived drawing-only diagnostic /Users/dshills/Development/projects/KiCadAI/specs/ai-requirement-contract-integration/local-wiring-readability-offline-v1/diagnostic-transaction-3.json sha256=fbf074df9a9f32fe52b8a341a5a86ed3260318da560cd8ffb802eecb01688472
    native_local_wiring_diagnostic_test.go:54: immutable input library_index.json sha256=ede67fa472362962bf46a600cb2210a7a202acd313feee93a425bc89d3cc1257
    native_local_wiring_diagnostic_test.go:90: labels=47 placement_error=native annotation placement exhausted for label composition_net_001 at 173990000,417830000: no wire/body-clear candidate
    native_local_wiring_diagnostic_test.go:92: candidate_order=0 uuid=f151a0f1-9640-50de-beec-6408b8e9d2e7 text="composition_net_001" count=0 origin={173990000 417830000}
    native_local_wiring_diagnostic_test.go:98: {"uuid":"f151a0f1-9640-50de-beec-6408b8e9d2e7","text":"composition_net_001","origin":{"X":173990000,"Y":417830000},"candidates":null}
    native_local_wiring_diagnostic_test.go:92: candidate_order=1 uuid=b4a83d1c-f0db-5d17-bec3-321b301c39f6 text="composition_net_001" count=1 origin={179070000 495300000}
    native_local_wiring_diagnostic_test.go:98: {"uuid":"b4a83d1c-f0db-5d17-bec3-321b301c39f6","text":"composition_net_001","origin":{"X":179070000,"Y":495300000},"candidates":[{"at":{"X":179070000,"Y":495300000},"box":{"MinX":179070000,"MinY":494030000,"MaxX":203200000,"MaxY":495300000},"rotation":0}]}
    native_local_wiring_diagnostic_test.go:92: candidate_order=2 uuid=feff721d-e2db-523b-9115-4a8d1b1cf1f2 text="composition_net_003" count=2 origin={190500000 41910000}
    native_local_wiring_diagnostic_test.go:98: {"uuid":"feff721d-e2db-523b-9115-4a8d1b1cf1f2","text":"composition_net_003","origin":{"X":190500000,"Y":41910000},"candidates":[{"at":{"X":190500000,"Y":41910000},"box":{"MinX":189230000,"MinY":17780000,"MaxX":190500000,"MaxY":41910000},"rotation":90},{"at":{"X":190500000,"Y":41910000},"box":{"MinX":166370000,"MinY":40640000,"MaxX":190500000,"MaxY":41910000},"rotation":180}]}
    native_local_wiring_diagnostic_test.go:92: candidate_order=3 uuid=9c97854f-e761-54df-84b3-0d989d25166d text="SUPPORT_PARTICIPANT_CONTROLLER__MCU_PA13" count=3 origin={199390000 477520000}
    native_local_wiring_diagnostic_test.go:98: {"uuid":"9c97854f-e761-54df-84b3-0d989d25166d","text":"SUPPORT_PARTICIPANT_CONTROLLER__MCU_PA13","origin":{"X":199390000,"Y":477520000},"candidates":[{"at":{"X":199390000,"Y":477520000},"box":{"MinX":199390000,"MinY":476250000,"MaxX":250190000,"MaxY":477520000},"rotation":0},{"at":{"X":198120000,"Y":477520000},"box":{"MinX":198120000,"MinY":476250000,"MaxX":248920000,"MaxY":477520000},"rotation":0},{"at":{"X":196850000,"Y":477520000},"box":{"MinX":196850000,"MinY":476250000,"MaxX":247650000,"MaxY":477520000},"rotation":0}]}
    native_local_wiring_diagnostic_test.go:92: candidate_order=4 uuid=7eec17d7-0612-5526-a3db-7d2e3b595bda text="SUPPORT_PARTICIPANT_CONTROLLER__MCU_PA14" count=4 origin={125730000 431800000}
    native_local_wiring_diagnostic_test.go:98: {"uuid":"7eec17d7-0612-5526-a3db-7d2e3b595bda","text":"SUPPORT_PARTICIPANT_CONTROLLER__MCU_PA14","origin":{"X":125730000,"Y":431800000},"candidates":[{"at":{"X":125730000,"Y":431800000},"box":{"MinX":74930000,"MinY":430530000,"MaxX":125730000,"MaxY":431800000},"rotation":180},{"at":{"X":125730000,"Y":431800000},"box":{"MinX":124460000,"MinY":381000000,"MaxX":125730000,"MaxY":431800000},"rotation":90},{"at":{"X":127000000,"Y":431800000},"box":{"MinX":76200000,"MinY":430530000,"MaxX":127000000,"MaxY":431800000},"rotation":180},{"at":{"X":128270000,"Y":431800000},"box":{"MinX":77470000,"MinY":430530000,"MaxX":128270000,"MaxY":431800000},"rotation":180}]}
    native_local_wiring_diagnostic_test.go:92: candidate_order=5 uuid=823d01fe-7ea1-5610-a344-1d467f6cee38 text="SUPPORT_PARTICIPANT_CONTROLLER__MCU_PA13" count=4 origin={125730000 426720000}
    native_local_wiring_diagnostic_test.go:98: {"uuid":"823d01fe-7ea1-5610-a344-1d467f6cee38","text":"SUPPORT_PARTICIPANT_CONTROLLER__MCU_PA13","origin":{"X":125730000,"Y":426720000},"candidates":[{"at":{"X":125730000,"Y":426720000},"box":{"MinX":74930000,"MinY":425450000,"MaxX":125730000,"MaxY":426720000},"rotation":180},{"at":{"X":125730000,"Y":426720000},"box":{"MinX":124460000,"MinY":375920000,"MaxX":125730000,"MaxY":426720000},"rotation":90},{"at":{"X":127000000,"Y":426720000},"box":{"MinX":76200000,"MinY":425450000,"MaxX":127000000,"MaxY":426720000},"rotation":180},{"at":{"X":128270000,"Y":426720000},"box":{"MinX":77470000,"MinY":425450000,"MaxX":128270000,"MaxY":426720000},"rotation":180}]}
    native_local_wiring_diagnostic_test.go:92: candidate_order=6 uuid=f53489f7-d286-5189-bf82-f0c89c99f0cf text="composition_net_001" count=4 origin={125730000 429260000}
    native_local_wiring_diagnostic_test.go:98: {"uuid":"f53489f7-d286-5189-bf82-f0c89c99f0cf","text":"composition_net_001","origin":{"X":125730000,"Y":429260000},"candidates":[{"at":{"X":125730000,"Y":429260000},"box":{"MinX":101600000,"MinY":427990000,"MaxX":125730000,"MaxY":429260000},"rotation":180},{"at":{"X":125730000,"Y":429260000},"box":{"MinX":124460000,"MinY":405130000,"MaxX":125730000,"MaxY":429260000},"rotation":90},{"at":{"X":127000000,"Y":429260000},"box":{"MinX":102870000,"MinY":427990000,"MaxX":127000000,"MaxY":429260000},"rotation":180},{"at":{"X":128270000,"Y":429260000},"box":{"MinX":104140000,"MinY":427990000,"MaxX":128270000,"MaxY":429260000},"rotation":180}]}
    native_local_wiring_diagnostic_test.go:92: candidate_order=7 uuid=488c9b10-a2c3-50ac-b149-583743d68e0b text="composition_net_005" count=5 origin={161290000 287020000}
    native_local_wiring_diagnostic_test.go:98: {"uuid":"488c9b10-a2c3-50ac-b149-583743d68e0b","text":"composition_net_005","origin":{"X":161290000,"Y":287020000},"candidates":[{"at":{"X":161290000,"Y":287020000},"box":{"MinX":161290000,"MinY":285750000,"MaxX":185420000,"MaxY":287020000},"rotation":0},{"at":{"X":161290000,"Y":287020000},"box":{"MinX":160020000,"MinY":287020000,"MaxX":161290000,"MaxY":311150000},"rotation":270},{"at":{"X":160020000,"Y":287020000},"box":{"MinX":160020000,"MinY":285750000,"MaxX":184150000,"MaxY":287020000},"rotation":0},{"at":{"X":160020000,"Y":287020000},"box":{"MinX":158750000,"MinY":287020000,"MaxX":160020000,"MaxY":311150000},"rotation":270},{"at":{"X":158750000,"Y":287020000},"box":{"MinX":158750000,"MinY":285750000,"MaxX":182880000,"MaxY":287020000},"rotation":0}]}
    native_local_wiring_diagnostic_test.go:92: candidate_order=8 uuid=973b28d5-4227-5cc6-b7e3-dc9a526bbba1 text="SUPPORT_PARTICIPANT_CONTROLLER__MCU_PA14" count=5 origin={199390000 480060000}
    native_local_wiring_diagnostic_test.go:92: candidate_order=9 uuid=11feb024-593d-51c0-98e8-879da0805dda text="composition_net_002" count=6 origin={284480000 81280000}
    native_local_wiring_diagnostic_test.go:92: candidate_order=10 uuid=168dc5c7-4632-570f-a4f9-bcefcf4c42bc text="composition_net_001" count=6 origin={135890000 474980000}
    native_local_wiring_diagnostic_test.go:92: candidate_order=11 uuid=567fbfeb-b7ed-5e3f-b156-3bdba6de3a41 text="composition_net_003" count=6 origin={299720000 81280000}
    native_local_wiring_diagnostic_test.go:92: candidate_order=12 uuid=b1c1938b-97eb-50bc-9115-1f62f9d5cd1e text="composition_net_003" count=6 origin={125730000 424180000}
    native_local_wiring_diagnostic_test.go:92: candidate_order=13 uuid=20aa8ec5-8924-53a8-965c-84d50fcc5de2 text="SUPPORT_PARTICIPANT_CONTROLLER__MCU_PF2" count=7 origin={139700000 510540000}
    native_local_wiring_diagnostic_test.go:92: candidate_order=14 uuid=56da19df-3fe5-5146-bc5d-18eb8f3c1934 text="composition_net_001" count=7 origin={97790000 43180000}
    native_local_wiring_diagnostic_test.go:92: candidate_order=15 uuid=78084cec-b0e7-5552-b348-154394279a1f text="composition_net_007" count=7 origin={138430000 284480000}
    native_local_wiring_diagnostic_test.go:92: candidate_order=16 uuid=783338c1-4e00-58c2-aeb7-4f682cf7d2b5 text="composition_net_001" count=7 origin={156210000 43180000}
    native_local_wiring_diagnostic_test.go:92: candidate_order=17 uuid=8d32702c-1aeb-5f74-b83e-7ba0e4731b79 text="composition_net_001" count=7 origin={241300000 259080000}
    native_local_wiring_diagnostic_test.go:92: candidate_order=18 uuid=9d1e6d7f-b931-5bd9-a4ef-f3a9c0aac37b text="composition_net_004" count=7 origin={97790000 45720000}
    native_local_wiring_diagnostic_test.go:92: candidate_order=19 uuid=a36944cf-5152-5a8b-a38f-4357b2ecae8e text="composition_net_005" count=7 origin={138430000 289560000}
    native_local_wiring_diagnostic_test.go:92: candidate_order=20 uuid=a6ce0137-dc7d-5c04-abd8-c09a329dc000 text="composition_net_002" count=7 origin={97790000 114300000}
    native_local_wiring_diagnostic_test.go:92: candidate_order=21 uuid=afe24880-7e8c-568f-a6c2-910bfef795e3 text="composition_net_001" count=7 origin={97790000 116840000}
    native_local_wiring_diagnostic_test.go:92: candidate_order=22 uuid=c566685b-e792-554e-ba54-45673cd49e07 text="composition_net_004" count=8 origin={142240000 259080000}
    native_local_wiring_diagnostic_test.go:92: candidate_order=23 uuid=08359d6a-b9f9-5ef5-bfee-24a6cc9d33d5 text="composition_net_001" count=9 origin={186690000 45720000}
    native_local_wiring_diagnostic_test.go:92: candidate_order=24 uuid=1bbd92ff-178c-58f4-a0b6-493df62b9a6a text="composition_net_006" count=9 origin={99060000 259080000}
    native_local_wiring_diagnostic_test.go:92: candidate_order=25 uuid=2b4cc465-2239-53e3-94dd-9de9571802cb text="composition_net_003" count=9 origin={124460000 510540000}
    native_local_wiring_diagnostic_test.go:92: candidate_order=26 uuid=42d7136e-4e59-5d2d-80ed-19df2921fd79 text="composition_net_001" count=9 origin={154940000 232410000}
    native_local_wiring_diagnostic_test.go:92: candidate_order=27 uuid=9d9535e2-4b47-59f5-95a9-b42c260e1713 text="composition_net_001" count=9 origin={97790000 78740000}
    native_local_wiring_diagnostic_test.go:92: candidate_order=28 uuid=c1704f19-610e-5b96-84ee-cef38842ccd0 text="composition_net_001" count=11 origin={200660000 425450000}
    native_local_wiring_diagnostic_test.go:92: candidate_order=29 uuid=efe01015-19b8-5cf3-8244-7fec522bb77b text="composition_net_005" count=11 origin={110490000 254000000}
    native_local_wiring_diagnostic_test.go:92: candidate_order=30 uuid=f278f624-32ab-522c-ad21-9537608fdb32 text="composition_net_003" count=13 origin={162560000 279400000}
    native_local_wiring_diagnostic_test.go:92: candidate_order=31 uuid=35e129a5-e19f-5bc8-9676-f5c0087b856a text="composition_net_005" count=16 origin={203200000 449580000}
    native_local_wiring_diagnostic_test.go:92: candidate_order=32 uuid=627a2eb7-7061-5aa1-9d6f-41bca02c945d text="composition_net_001" count=16 origin={147320000 302260000}
    native_local_wiring_diagnostic_test.go:92: candidate_order=33 uuid=71c58c73-8939-5643-a3e0-f38997ef355f text="composition_net_002" count=16 origin={152400000 86360000}
    native_local_wiring_diagnostic_test.go:92: candidate_order=34 uuid=f52e9928-df34-5d2d-9153-42d01898adb7 text="composition_net_003" count=18 origin={149860000 217170000}
    native_local_wiring_diagnostic_test.go:92: candidate_order=35 uuid=3347226b-d76c-57a0-a0ce-64f4d0992a82 text="composition_net_007" count=65 origin={229870000 256540000}
    native_local_wiring_diagnostic_test.go:92: candidate_order=36 uuid=df7558fe-c7f5-568f-8325-bfb4d2b45212 text="composition_net_006" count=68 origin={153670000 256540000}
    native_local_wiring_diagnostic_test.go:92: candidate_order=37 uuid=45890444-0cd4-51b0-9291-0a83132df758 text="composition_net_003" count=113 origin={330200000 82550000}
    native_local_wiring_diagnostic_test.go:92: candidate_order=38 uuid=624cf281-f24a-5a4f-9826-fa7b0d870119 text="composition_net_003" count=115 origin={327660000 62865000}
    native_local_wiring_diagnostic_test.go:92: candidate_order=39 uuid=8c3c757a-05bf-5c3c-ae7e-07121e14483b text="composition_net_001" count=115 origin={266700000 57150000}
    native_local_wiring_diagnostic_test.go:92: candidate_order=40 uuid=7ed44486-9e37-5b62-a705-2406e7746c5f text="composition_net_003" count=127 origin={177800000 441960000}
    native_local_wiring_diagnostic_test.go:92: candidate_order=41 uuid=4dbcaf88-ed08-5f74-9a12-64f646928456 text="composition_net_002" count=128 origin={261620000 43180000}
    native_local_wiring_diagnostic_test.go:92: candidate_order=42 uuid=b71d59a8-de30-5f71-ad93-8490cacd8e06 text="composition_net_002" count=128 origin={259080000 82550000}
    native_local_wiring_diagnostic_test.go:92: candidate_order=43 uuid=6073adda-c3d7-5b05-97b4-17fe573be787 text="SUPPORT_PARTICIPANT_CONTROLLER__MCU_PF2" count=132 origin={127000000 449580000}
    native_local_wiring_diagnostic_test.go:92: candidate_order=44 uuid=9c4a2cad-b76f-554e-8568-ebd7f0942b77 text="SUPPORT_PARTICIPANT_CONTROLLER__MCU_PF2" count=132 origin={160020000 447040000}
    native_local_wiring_diagnostic_test.go:92: candidate_order=45 uuid=a31df299-bfee-580d-ba2f-41179251956b text="composition_net_001" count=169 origin={259080000 90170000}
    native_local_wiring_diagnostic_test.go:92: candidate_order=46 uuid=b68990f9-0365-596d-9a9f-7d30abd43704 text="composition_net_001" count=172 origin={256540000 94615000}
    native_local_wiring_diagnostic_test.go:102: native annotation placement exhausted for label composition_net_001 at 173990000,417830000: no wire/body-clear candidate
--- FAIL: TestNativeLocalWiringFrozenCandidateDiagnostic (8.05s)
FAIL
FAIL	kicadai/internal/transactions	8.380s
FAIL
