=== RUN   TestNativeLocalWiringFrozenCandidateDiagnostic
    native_local_wiring_diagnostic_test.go:52: derived drawing-only diagnostic /Users/dshills/Development/projects/KiCadAI/specs/ai-requirement-contract-integration/local-wiring-readability-offline-v1/diagnostic-transaction-1.json sha256=5bd508f33f81b903c4528b2dca34502879df7f98e8525c2318dc1304e813278b
    native_local_wiring_diagnostic_test.go:54: immutable input library_index.json sha256=ede67fa472362962bf46a600cb2210a7a202acd313feee93a425bc89d3cc1257
    native_local_wiring_diagnostic_test.go:90: labels=42 placement_error=native annotation placement exhausted for label SUPPORT_PARTICIPANT_CONTROLLER__MCU_PF2 at 447040000,300990000: no wire/body-clear candidate
    native_local_wiring_diagnostic_test.go:92: candidate_order=0 uuid=56703ccf-7d95-5431-8307-69706768bb38 text="composition_net_005" count=0 origin={421640000 278130000}
    native_local_wiring_diagnostic_test.go:98: {"uuid":"56703ccf-7d95-5431-8307-69706768bb38","text":"composition_net_005","origin":{"X":421640000,"Y":278130000},"candidates":null}
    native_local_wiring_diagnostic_test.go:92: candidate_order=1 uuid=79d116f4-47b6-5ea7-a17e-165391e7a5bd text="SUPPORT_PARTICIPANT_CONTROLLER__MCU_PF2" count=0 origin={447040000 300990000}
    native_local_wiring_diagnostic_test.go:98: {"uuid":"79d116f4-47b6-5ea7-a17e-165391e7a5bd","text":"SUPPORT_PARTICIPANT_CONTROLLER__MCU_PF2","origin":{"X":447040000,"Y":300990000},"candidates":null}
    native_local_wiring_diagnostic_test.go:92: candidate_order=2 uuid=5e8ff26f-5637-567b-b44c-70c3def42c13 text="composition_net_003" count=1 origin={405130000 269240000}
    native_local_wiring_diagnostic_test.go:98: {"uuid":"5e8ff26f-5637-567b-b44c-70c3def42c13","text":"composition_net_003","origin":{"X":405130000,"Y":269240000},"candidates":[{"at":{"X":405130000,"Y":269240000},"box":{"MinX":405130000,"MinY":267970000,"MaxX":429260000,"MaxY":269240000},"rotation":0}]}
    native_local_wiring_diagnostic_test.go:92: candidate_order=3 uuid=b3d77773-7d29-5193-9d09-dbf9ab204a97 text="composition_net_003" count=2 origin={233680000 54610000}
    native_local_wiring_diagnostic_test.go:98: {"uuid":"b3d77773-7d29-5193-9d09-dbf9ab204a97","text":"composition_net_003","origin":{"X":233680000,"Y":54610000},"candidates":[{"at":{"X":233680000,"Y":54610000},"box":{"MinX":232410000,"MinY":30480000,"MaxX":233680000,"MaxY":54610000},"rotation":90},{"at":{"X":233680000,"Y":54610000},"box":{"MinX":209550000,"MinY":53340000,"MaxX":233680000,"MaxY":54610000},"rotation":180}]}
    native_local_wiring_diagnostic_test.go:92: candidate_order=4 uuid=2dde633b-629d-52bb-bc85-ca0ac1f5a113 text="composition_net_004" count=3 origin={140970000 58420000}
    native_local_wiring_diagnostic_test.go:98: {"uuid":"2dde633b-629d-52bb-bc85-ca0ac1f5a113","text":"composition_net_004","origin":{"X":140970000,"Y":58420000},"candidates":[{"at":{"X":140970000,"Y":58420000},"box":{"MinX":139700000,"MinY":58420000,"MaxX":140970000,"MaxY":82550000},"rotation":270},{"at":{"X":142240000,"Y":58420000},"box":{"MinX":140970000,"MinY":58420000,"MaxX":142240000,"MaxY":82550000},"rotation":270},{"at":{"X":143510000,"Y":58420000},"box":{"MinX":142240000,"MinY":58420000,"MaxX":143510000,"MaxY":82550000},"rotation":270}]}
    native_local_wiring_diagnostic_test.go:92: candidate_order=5 uuid=e830a1f9-a1ab-51f7-9924-b48924f3de4d text="composition_net_002" count=3 origin={140970000 127000000}
    native_local_wiring_diagnostic_test.go:98: {"uuid":"e830a1f9-a1ab-51f7-9924-b48924f3de4d","text":"composition_net_002","origin":{"X":140970000,"Y":127000000},"candidates":[{"at":{"X":140970000,"Y":127000000},"box":{"MinX":139700000,"MinY":102870000,"MaxX":140970000,"MaxY":127000000},"rotation":90},{"at":{"X":142240000,"Y":127000000},"box":{"MinX":140970000,"MinY":102870000,"MaxX":142240000,"MaxY":127000000},"rotation":90},{"at":{"X":143510000,"Y":127000000},"box":{"MinX":142240000,"MinY":102870000,"MaxX":143510000,"MaxY":127000000},"rotation":90}]}
    native_local_wiring_diagnostic_test.go:92: candidate_order=6 uuid=4306390a-64c3-5bc8-8d02-ff2b2c9827fe text="composition_net_003" count=5 origin={340360000 93980000}
    native_local_wiring_diagnostic_test.go:98: {"uuid":"4306390a-64c3-5bc8-8d02-ff2b2c9827fe","text":"composition_net_003","origin":{"X":340360000,"Y":93980000},"candidates":[{"at":{"X":340360000,"Y":93980000},"box":{"MinX":339090000,"MinY":69850000,"MaxX":340360000,"MaxY":93980000},"rotation":90},{"at":{"X":340360000,"Y":93980000},"box":{"MinX":316230000,"MinY":92710000,"MaxX":340360000,"MaxY":93980000},"rotation":180},{"at":{"X":340360000,"Y":95250000},"box":{"MinX":339090000,"MinY":71120000,"MaxX":340360000,"MaxY":95250000},"rotation":90},{"at":{"X":340360000,"Y":96520000},"box":{"MinX":339090000,"MinY":72390000,"MaxX":340360000,"MaxY":96520000},"rotation":90},{"at":{"X":340360000,"Y":97790000},"box":{"MinX":339090000,"MinY":73660000,"MaxX":340360000,"MaxY":97790000},"rotation":90}]}
    native_local_wiring_diagnostic_test.go:92: candidate_order=7 uuid=7239c35b-d4b7-58f6-89f1-3aeaa4e822aa text="composition_net_002" count=5 origin={325120000 93980000}
    native_local_wiring_diagnostic_test.go:98: {"uuid":"7239c35b-d4b7-58f6-89f1-3aeaa4e822aa","text":"composition_net_002","origin":{"X":325120000,"Y":93980000},"candidates":[{"at":{"X":325120000,"Y":93980000},"box":{"MinX":323850000,"MinY":69850000,"MaxX":325120000,"MaxY":93980000},"rotation":90},{"at":{"X":325120000,"Y":93980000},"box":{"MinX":325120000,"MinY":92710000,"MaxX":349250000,"MaxY":93980000},"rotation":0},{"at":{"X":325120000,"Y":95250000},"box":{"MinX":323850000,"MinY":71120000,"MaxX":325120000,"MaxY":95250000},"rotation":90},{"at":{"X":325120000,"Y":96520000},"box":{"MinX":323850000,"MinY":72390000,"MaxX":325120000,"MaxY":96520000},"rotation":90},{"at":{"X":325120000,"Y":97790000},"box":{"MinX":323850000,"MinY":73660000,"MaxX":325120000,"MaxY":97790000},"rotation":90}]}
    native_local_wiring_diagnostic_test.go:92: candidate_order=8 uuid=accbf2d2-bb5b-52c3-a159-632186d9a472 text="composition_net_005" count=5 origin={201930000 299720000}
    native_local_wiring_diagnostic_test.go:92: candidate_order=9 uuid=6fd35c58-a079-561c-92eb-d90899d87117 text="composition_net_007" count=6 origin={179070000 297180000}
    native_local_wiring_diagnostic_test.go:92: candidate_order=10 uuid=d6322b35-f42f-5aed-bff0-6f2eaf6065b8 text="composition_net_001" count=6 origin={361950000 302260000}
    native_local_wiring_diagnostic_test.go:92: candidate_order=11 uuid=48929a3f-33a7-50cf-bf1a-16cf5f98cb3c text="composition_net_001" count=7 origin={457200000 297180000}
    native_local_wiring_diagnostic_test.go:92: candidate_order=12 uuid=6b4ee3a6-237c-5714-a2bf-cc308284dfd5 text="composition_net_001" count=7 origin={281940000 271780000}
    native_local_wiring_diagnostic_test.go:92: candidate_order=13 uuid=6b87acff-72f5-5daa-ab8e-e2153b3f8824 text="composition_net_001" count=7 origin={199390000 55880000}
    native_local_wiring_diagnostic_test.go:92: candidate_order=14 uuid=f903b0f5-8955-523b-a09d-c391490c6604 text="composition_net_003" count=7 origin={350520000 269240000}
    native_local_wiring_diagnostic_test.go:92: candidate_order=15 uuid=8008189d-cd8e-5cde-a5e7-3c750c063504 text="composition_net_004" count=8 origin={182880000 271780000}
    native_local_wiring_diagnostic_test.go:92: candidate_order=16 uuid=18dcc919-4726-5860-98de-7b1d52028d39 text="composition_net_001" count=9 origin={229870000 58420000}
    native_local_wiring_diagnostic_test.go:92: candidate_order=17 uuid=6bee8e40-d570-518d-a09e-c8bfeffcd099 text="composition_net_001" count=9 origin={195580000 245110000}
    native_local_wiring_diagnostic_test.go:92: candidate_order=18 uuid=6de28ac1-3012-5266-a716-ab1d38ca3cd8 text="composition_net_006" count=9 origin={139700000 271780000}
    native_local_wiring_diagnostic_test.go:92: candidate_order=19 uuid=5386c4d9-1270-5ef8-80cb-f3a2596a889e text="composition_net_003" count=13 origin={203200000 292100000}
    native_local_wiring_diagnostic_test.go:92: candidate_order=20 uuid=19429c64-8fde-54a7-8d46-de1cbe377994 text="composition_net_001" count=16 origin={403860000 330200000}
    native_local_wiring_diagnostic_test.go:92: candidate_order=21 uuid=432fca2c-6901-5b8d-aab2-7b2636988751 text="composition_net_001" count=16 origin={187960000 314960000}
    native_local_wiring_diagnostic_test.go:92: candidate_order=22 uuid=eb4d684b-2306-573c-930c-039a68348a95 text="composition_net_002" count=16 origin={195580000 99060000}
    native_local_wiring_diagnostic_test.go:92: candidate_order=23 uuid=6aa5aa60-fe0b-5a51-8ece-a29c49016725 text="composition_net_003" count=18 origin={190500000 229870000}
    native_local_wiring_diagnostic_test.go:92: candidate_order=24 uuid=02579350-bdf1-51d0-bc02-60a55664c89e text="composition_net_001" count=20 origin={398780000 245110000}
    native_local_wiring_diagnostic_test.go:92: candidate_order=25 uuid=49f3befb-b829-5a80-955e-ab36e63353f1 text="SUPPORT_PARTICIPANT_CONTROLLER__MCU_PA14" count=20 origin={430530000 307340000}
    native_local_wiring_diagnostic_test.go:92: candidate_order=26 uuid=77231e5c-ddde-528d-8f7b-e2ce4f8cf35f text="SUPPORT_PARTICIPANT_CONTROLLER__MCU_PA13" count=21 origin={435610000 294640000}
    native_local_wiring_diagnostic_test.go:92: candidate_order=27 uuid=788b58a5-9505-5182-b280-897ce0a1ffd4 text="composition_net_007" count=65 origin={270510000 269240000}
    native_local_wiring_diagnostic_test.go:92: candidate_order=28 uuid=8cff3331-9ea1-5412-8c89-32f07132ac01 text="composition_net_006" count=68 origin={194310000 269240000}
    native_local_wiring_diagnostic_test.go:92: candidate_order=29 uuid=0a5cd1e4-52b2-5236-bb15-d9a6daf5d9ca text="composition_net_003" count=79 origin={398780000 237490000}
    native_local_wiring_diagnostic_test.go:92: candidate_order=30 uuid=c0f95632-3ef4-516a-b130-5e8076d3373a text="composition_net_003" count=97 origin={370840000 95250000}
    native_local_wiring_diagnostic_test.go:92: candidate_order=31 uuid=29554aab-8a73-579f-9dfd-2ce2d29b0774 text="composition_net_003" count=98 origin={368300000 75565000}
    native_local_wiring_diagnostic_test.go:92: candidate_order=32 uuid=0c56b902-19ab-5eae-a25f-de337354b8f8 text="SUPPORT_PARTICIPANT_CONTROLLER__MCU_PF2" count=105 origin={364490000 276860000}
    native_local_wiring_diagnostic_test.go:92: candidate_order=33 uuid=e546ada8-f1f6-576c-9d77-93d017b727e7 text="SUPPORT_PARTICIPANT_CONTROLLER__MCU_PF2" count=105 origin={386080000 274320000}
    native_local_wiring_diagnostic_test.go:92: candidate_order=34 uuid=6bc2e384-ec64-529e-9519-05b015649190 text="composition_net_003" count=108 origin={447040000 251460000}
    native_local_wiring_diagnostic_test.go:92: candidate_order=35 uuid=112cdfaf-61cc-554e-a52c-5eb711519707 text="composition_net_002" count=110 origin={302260000 55880000}
    native_local_wiring_diagnostic_test.go:92: candidate_order=36 uuid=6b1ce366-65ea-5143-9f82-b6b52de6aa30 text="composition_net_002" count=110 origin={299720000 95250000}
    native_local_wiring_diagnostic_test.go:92: candidate_order=37 uuid=353e3e3c-bd6c-51b5-9693-4ac247b5a100 text="composition_net_005" count=139 origin={151130000 266700000}
    native_local_wiring_diagnostic_test.go:92: candidate_order=38 uuid=61473e4c-c994-5fb9-bb6e-db02bc14aab4 text="composition_net_005" count=139 origin={154940000 287020000}
    native_local_wiring_diagnostic_test.go:92: candidate_order=39 uuid=fa95c331-fcda-5cac-a20c-a3758b3f0d97 text="composition_net_001" count=244 origin={299720000 102870000}
    native_local_wiring_diagnostic_test.go:92: candidate_order=40 uuid=75b867f7-8a02-5fb8-a427-32055c98740e text="composition_net_001" count=245 origin={144780000 53340000}
    native_local_wiring_diagnostic_test.go:92: candidate_order=41 uuid=bf3a713c-21fc-53a3-ae0e-f98cbb56a814 text="composition_net_001" count=245 origin={139700000 73660000}
    native_local_wiring_diagnostic_test.go:102: native annotation placement exhausted for label SUPPORT_PARTICIPANT_CONTROLLER__MCU_PF2 at 447040000,300990000: no wire/body-clear candidate
--- FAIL: TestNativeLocalWiringFrozenCandidateDiagnostic (7.90s)
FAIL
FAIL	kicadai/internal/transactions	8.202s
FAIL
