?   	kicadai	[no test files]
ok  	kicadai/cmd/ai-requirement-eval	0.259s
ok  	kicadai/cmd/kicadai	44.915s
ok  	kicadai/cmd/kicadai-baseline-publish-v10	0.706s
ok  	kicadai/cmd/kicadai-capability-advance-v10	0.733s
ok  	kicadai/cmd/kicadai-capability-eval	0.935s
ok  	kicadai/cmd/kicadai-capability-rank-v10	0.343s
ok  	kicadai/cmd/kicadai-corpus-publish	0.481s
ok  	kicadai/cmd/kicadai-corpus-publish-v10	0.426s
ok  	kicadai/cmd/kicadai-corpus-publish-v6	0.486s
ok  	kicadai/cmd/kicadai-corpus-publish-v7	0.471s
ok  	kicadai/cmd/kicadai-corpus-publish-v8	0.469s
ok  	kicadai/cmd/kicadai-corpus-validate	0.471s
ok  	kicadai/cmd/kicadai-corpus-validate-v10	0.472s
ok  	kicadai/cmd/kicadai-corpus-validate-v6	0.472s
ok  	kicadai/cmd/kicadai-corpus-validate-v7	0.507s
ok  	kicadai/cmd/kicadai-corpus-validate-v8	0.638s
ok  	kicadai/cmd/kicadai-corpus-validate-v9	0.643s
ok  	kicadai/cmd/kicadai-discovery-baseline-v10	0.387s
ok  	kicadai/cmd/kicadai-discovery-baseline-v11	0.486s
ok  	kicadai/cmd/kicadai-discovery-baseline-v12	0.650s
ok  	kicadai/cmd/kicadai-discovery-baseline-v13	0.645s
ok  	kicadai/cmd/kicadai-discovery-baseline-v14	0.650s
ok  	kicadai/cmd/kicadai-discovery-baseline-v15	0.685s
ok  	kicadai/cmd/kicadai-discovery-baseline-v16	0.605s
ok  	kicadai/cmd/kicadai-discovery-baseline-v17	0.591s
ok  	kicadai/cmd/kicadai-discovery-baseline-v18	0.725s
ok  	kicadai/cmd/kicadai-discovery-baseline-v19	0.748s
ok  	kicadai/cmd/kicadai-discovery-baseline-v20	0.814s
ok  	kicadai/cmd/kicadai-discovery-baseline-v21	0.809s
ok  	kicadai/cmd/kicadai-discovery-baseline-v22	1.156s
ok  	kicadai/cmd/kicadai-discovery-baseline-v23	1.079s
ok  	kicadai/cmd/kicadai-electrical-diagnostics	0.931s
ok  	kicadai/cmd/kicadai-promotion	0.720s
ok  	kicadai/cmd/kicadai-v9-history-custodian	0.673s
?   	kicadai/cmd/practical-board-eval	[no test files]
ok  	kicadai/internal/aiprovider	0.672s
ok  	kicadai/internal/aireadiness	0.554s
ok  	kicadai/internal/airequirementeval	3.193s
ok  	kicadai/internal/amplifiers	0.787s
ok  	kicadai/internal/architecturesearch	5.822s
ok  	kicadai/internal/atomicdir	0.251s
ok  	kicadai/internal/atomicfile	2.059s
ok  	kicadai/internal/behavioralintent	0.394s
ok  	kicadai/internal/blindbaseline	0.661s
ok  	kicadai/internal/blocks	2.215s
ok  	kicadai/internal/blocks/verification	3.181s
ok  	kicadai/internal/boardvalidation	0.199s
ok  	kicadai/internal/buildinfo	1.624s
ok  	kicadai/internal/canonicaljsonstream	0.397s
ok  	kicadai/internal/capabilityadvancementv10	0.644s
ok  	kicadai/internal/capabilitybaselinepublicationv10	0.547s
ok  	kicadai/internal/capabilitybaselinepublicationv9	0.703s
ok  	kicadai/internal/capabilitybaselinev10	0.187s
ok  	kicadai/internal/capabilitybaselinev9	0.322s
ok  	kicadai/internal/capabilitybundles	0.312s
ok  	kicadai/internal/capabilityevaluation	0.479s
ok  	kicadai/internal/capabilityexecutorv10	25.509s
ok  	kicadai/internal/capabilityexpansion	0.411s
ok  	kicadai/internal/capabilityfeedback	27.970s
ok  	kicadai/internal/capabilitygate	0.427s
ok  	kicadai/internal/capabilitypackages	0.179s
ok  	kicadai/internal/capabilityrounds	0.177s
ok  	kicadai/internal/capabilityroundsv10	0.265s
ok  	kicadai/internal/capabilityroundsv8	0.221s
ok  	kicadai/internal/capabilityroundsv9	5.634s
ok  	kicadai/internal/capabilityselectionv10	0.238s
ok  	kicadai/internal/circuitgraph	27.827s
ok  	kicadai/internal/closedloopsynthesis	0.263s
ok  	kicadai/internal/componentonboarding	3.511s
ok  	kicadai/internal/componentprops	0.183s
ok  	kicadai/internal/components	1.300s
ok  	kicadai/internal/compositionlowering	81.817s
ok  	kicadai/internal/config	0.183s
ok  	kicadai/internal/corpusassignment	0.176s
ok  	kicadai/internal/corpusfreeze	0.203s
ok  	kicadai/internal/corpusfreezev10	0.177s
ok  	kicadai/internal/corpusfreezev6	0.169s
ok  	kicadai/internal/corpusfreezev7	0.173s
ok  	kicadai/internal/corpusfreezev8	0.176s
ok  	kicadai/internal/corpusfreezev9	0.178s
ok  	kicadai/internal/corpushistoryv9	0.278s
ok  	kicadai/internal/corpuspublication	3.155s
ok  	kicadai/internal/creationevidence	0.730s
ok  	kicadai/internal/designworkflow	24.803s
ok  	kicadai/internal/domain	0.182s
ok  	kicadai/internal/electricaldiagnostics	0.356s
ok  	kicadai/internal/evaluate	0.365s
ok  	kicadai/internal/externalkey	0.268s
ok  	kicadai/internal/fabrication	0.426s
ok  	kicadai/internal/fabrication/physicalrules	0.324s
ok  	kicadai/internal/fabrication/profiles	0.171s
ok  	kicadai/internal/generate	0.382s
ok  	kicadai/internal/generationcapability	0.392s
ok  	kicadai/internal/inspect	0.305s
ok  	kicadai/internal/intentdraft	0.286s
ok  	kicadai/internal/intentplanner	0.844s
ok  	kicadai/internal/ipc	0.210s
ok  	kicadai/internal/kiapi	0.406s
?   	kicadai/internal/kiapi/gen/board	[no test files]
?   	kicadai/internal/kiapi/gen/board/commands	[no test files]
?   	kicadai/internal/kiapi/gen/board/jobs	[no test files]
?   	kicadai/internal/kiapi/gen/board/types	[no test files]
?   	kicadai/internal/kiapi/gen/common	[no test files]
?   	kicadai/internal/kiapi/gen/common/commands	[no test files]
?   	kicadai/internal/kiapi/gen/common/project	[no test files]
?   	kicadai/internal/kiapi/gen/common/types	[no test files]
?   	kicadai/internal/kiapi/gen/schematic/jobs	[no test files]
?   	kicadai/internal/kiapi/gen/schematic/types	[no test files]
ok  	kicadai/internal/kicadfiles	0.160s
ok  	kicadai/internal/kicadfiles/checks	0.171s
ok  	kicadai/internal/kicadfiles/design	0.991s
ok  	kicadai/internal/kicadfiles/designapi	0.894s
ok  	kicadai/internal/kicadfiles/library	0.183s
ok  	kicadai/internal/kicadfiles/pcb	0.210s
ok  	kicadai/internal/kicadfiles/project	0.248s
ok  	kicadai/internal/kicadfiles/roundtrip	1.633s
ok  	kicadai/internal/kicadfiles/schematic	0.318s
ok  	kicadai/internal/kicadfiles/sexpr	0.216s
ok  	kicadai/internal/libraryresolver	0.356s
ok  	kicadai/internal/manifest	0.271s
ok  	kicadai/internal/modelprovenance	0.327s
ok  	kicadai/internal/obligationanchor	0.244s
ok  	kicadai/internal/opentopologysynthesis	679.069s
ok  	kicadai/internal/pcbrules	0.431s
ok  	kicadai/internal/pinmap	0.185s
ok  	kicadai/internal/placement	0.910s
ok  	kicadai/internal/practicalboardeval	0.661s
ok  	kicadai/internal/preservation	0.198s
ok  	kicadai/internal/promotionrunner	2.036s
ok  	kicadai/internal/promotiontoolchain	0.478s
ok  	kicadai/internal/provenance	0.185s
ok  	kicadai/internal/rationale	0.202s
ok  	kicadai/internal/repair	6.120s
ok  	kicadai/internal/repairloop	0.222s
ok  	kicadai/internal/reportartifacts	0.223s
ok  	kicadai/internal/reports	0.327s
ok  	kicadai/internal/routing	0.352s
ok  	kicadai/internal/routingadapters	0.329s
ok  	kicadai/internal/runtimebudget	0.300s
ok  	kicadai/internal/schematic	0.351s
ok  	kicadai/internal/schematicir	46.218s
ok  	kicadai/internal/schematiclayout	0.654s
ok  	kicadai/internal/schematicpcb	0.201s
ok  	kicadai/internal/schematicrules	0.176s
ok  	kicadai/internal/simmodel	0.445s
ok  	kicadai/internal/simulationadmission	0.306s
?   	kicadai/internal/testsupport/tolerancecorpus	[no test files]
ok  	kicadai/internal/transactions	1.635s
ok  	kicadai/internal/workflows	0.245s
ok  	kicadai/internal/writercorrectness	0.231s
ok  	kicadai/specs/ai-requirement-contract-integration/publication-live-v1/replay-audit	0.224s
ok  	kicadai/specs/behavioral-contract-feasibility-realizability	0.172s
ok  	kicadai/specs/closed-loop-open-set-capability-expansion	0.307s
ok  	kicadai/specs/electrical-repair-followup-v23	0.265s
ok  	kicadai/specs/electrical-repair-followup-v23/public-evaluation-v23	0.288s
ok  	kicadai/specs/electrical-repair-followup-v23/publication-v23	0.247s
ok  	kicadai/specs/fable-code-review-remediation	0.184s
ok  	kicadai/specs/generic-analysis-model-solver-admission	0.181s
ok  	kicadai/specs/generic-causal-topology-repair	0.187s
ok  	kicadai/specs/generic-causal-topology-repair/maintenance-evaluation-1	0.274s
ok  	kicadai/specs/post-topology-electrical-blockers	0.207s
ok  	kicadai/specs/post-topology-electrical-blockers/public-evaluation-v22	0.261s
ok  	kicadai/specs/post-topology-electrical-blockers/publication-v22	0.230s
?   	kicadai/specs/tolerance-sensitivity	[no test files]
