?   	kicadai	[no test files]
ok  	kicadai/cmd/ai-requirement-eval	0.273s
ok  	kicadai/cmd/kicadai	45.747s
ok  	kicadai/cmd/kicadai-baseline-publish-v10	0.746s
ok  	kicadai/cmd/kicadai-capability-advance-v10	0.644s
ok  	kicadai/cmd/kicadai-capability-eval	0.246s
ok  	kicadai/cmd/kicadai-capability-rank-v10	0.334s
ok  	kicadai/cmd/kicadai-corpus-publish	0.435s
ok  	kicadai/cmd/kicadai-corpus-publish-v10	0.417s
ok  	kicadai/cmd/kicadai-corpus-publish-v6	0.484s
ok  	kicadai/cmd/kicadai-corpus-publish-v7	0.480s
ok  	kicadai/cmd/kicadai-corpus-publish-v8	0.472s
ok  	kicadai/cmd/kicadai-corpus-validate	0.478s
ok  	kicadai/cmd/kicadai-corpus-validate-v10	0.473s
ok  	kicadai/cmd/kicadai-corpus-validate-v6	0.470s
ok  	kicadai/cmd/kicadai-corpus-validate-v7	0.449s
ok  	kicadai/cmd/kicadai-corpus-validate-v8	0.583s
ok  	kicadai/cmd/kicadai-corpus-validate-v9	0.606s
ok  	kicadai/cmd/kicadai-discovery-baseline-v10	0.458s
ok  	kicadai/cmd/kicadai-discovery-baseline-v11	0.541s
ok  	kicadai/cmd/kicadai-discovery-baseline-v12	0.612s
ok  	kicadai/cmd/kicadai-discovery-baseline-v13	0.621s
ok  	kicadai/cmd/kicadai-discovery-baseline-v14	0.611s
ok  	kicadai/cmd/kicadai-discovery-baseline-v15	0.634s
ok  	kicadai/cmd/kicadai-discovery-baseline-v16	0.583s
ok  	kicadai/cmd/kicadai-discovery-baseline-v17	0.909s
ok  	kicadai/cmd/kicadai-discovery-baseline-v18	0.859s
ok  	kicadai/cmd/kicadai-discovery-baseline-v19	0.562s
ok  	kicadai/cmd/kicadai-discovery-baseline-v20	0.537s
ok  	kicadai/cmd/kicadai-discovery-baseline-v21	0.597s
ok  	kicadai/cmd/kicadai-discovery-baseline-v22	0.659s
ok  	kicadai/cmd/kicadai-discovery-baseline-v23	0.572s
ok  	kicadai/cmd/kicadai-electrical-diagnostics	0.548s
ok  	kicadai/cmd/kicadai-promotion	0.453s
ok  	kicadai/cmd/kicadai-v9-history-custodian	0.731s
?   	kicadai/cmd/practical-board-eval	[no test files]
ok  	kicadai/internal/aiprovider	0.602s
ok  	kicadai/internal/aireadiness	0.535s
ok  	kicadai/internal/airequirementeval	3.042s
ok  	kicadai/internal/amplifiers	0.703s
ok  	kicadai/internal/architecturesearch	5.874s
ok  	kicadai/internal/atomicdir	0.219s
ok  	kicadai/internal/atomicfile	1.892s
ok  	kicadai/internal/behavioralintent	0.368s
ok  	kicadai/internal/blindbaseline	0.554s
ok  	kicadai/internal/blocks	2.122s
ok  	kicadai/internal/blocks/verification	2.946s
ok  	kicadai/internal/boardvalidation	0.193s
ok  	kicadai/internal/buildinfo	1.718s
ok  	kicadai/internal/canonicaljsonstream	0.183s
ok  	kicadai/internal/capabilityadvancementv10	0.528s
ok  	kicadai/internal/capabilitybaselinepublicationv10	0.297s
ok  	kicadai/internal/capabilitybaselinepublicationv9	0.522s
ok  	kicadai/internal/capabilitybaselinev10	0.375s
ok  	kicadai/internal/capabilitybaselinev9	0.352s
ok  	kicadai/internal/capabilitybundles	0.445s
ok  	kicadai/internal/capabilityevaluation	0.532s
ok  	kicadai/internal/capabilityexecutorv10	23.692s
ok  	kicadai/internal/capabilityexpansion	0.525s
ok  	kicadai/internal/capabilityfeedback	28.692s
ok  	kicadai/internal/capabilitygate	0.445s
ok  	kicadai/internal/capabilitypackages	0.174s
ok  	kicadai/internal/capabilityrounds	0.175s
ok  	kicadai/internal/capabilityroundsv10	0.167s
ok  	kicadai/internal/capabilityroundsv8	0.220s
ok  	kicadai/internal/capabilityroundsv9	5.982s
ok  	kicadai/internal/capabilityselectionv10	0.200s
ok  	kicadai/internal/circuitgraph	27.298s
ok  	kicadai/internal/closedloopsynthesis	0.242s
ok  	kicadai/internal/componentonboarding	3.951s
ok  	kicadai/internal/componentprops	0.179s
ok  	kicadai/internal/components	1.496s
ok  	kicadai/internal/compositionlowering	79.073s
ok  	kicadai/internal/config	0.179s
ok  	kicadai/internal/corpusassignment	0.197s
ok  	kicadai/internal/corpusfreeze	0.256s
ok  	kicadai/internal/corpusfreezev10	0.178s
ok  	kicadai/internal/corpusfreezev6	0.216s
ok  	kicadai/internal/corpusfreezev7	0.169s
ok  	kicadai/internal/corpusfreezev8	0.175s
ok  	kicadai/internal/corpusfreezev9	0.173s
ok  	kicadai/internal/corpushistoryv9	0.166s
ok  	kicadai/internal/corpuspublication	3.120s
ok  	kicadai/internal/creationevidence	0.649s
ok  	kicadai/internal/designworkflow	23.509s
ok  	kicadai/internal/domain	0.187s
ok  	kicadai/internal/electricaldiagnostics	0.242s
ok  	kicadai/internal/evaluate	0.358s
ok  	kicadai/internal/externalkey	0.195s
ok  	kicadai/internal/fabrication	0.388s
ok  	kicadai/internal/fabrication/physicalrules	0.290s
ok  	kicadai/internal/fabrication/profiles	0.167s
ok  	kicadai/internal/generate	0.373s
ok  	kicadai/internal/generationcapability	0.226s
ok  	kicadai/internal/inspect	0.221s
ok  	kicadai/internal/intentdraft	0.192s
ok  	kicadai/internal/intentplanner	0.680s
ok  	kicadai/internal/ipc	0.401s
ok  	kicadai/internal/kiapi	0.192s
?   	kicadai/internal/kiapi/gen/board	[no test files]
?   	kicadai/internal/kiapi/gen/board/commands	[no test files]
?   	kicadai/internal/kiapi/gen/board/jobs	[no test files]
?   	kicadai/internal/kiapi/gen/board/types	[no test files]
?   	kicadai/internal/kiapi/gen/common	[no test files]
?   	kicadai/internal/kiapi/gen/common/commands	[no test files]
?   	kicadai/internal/kiapi/gen/common/project	[no test files]
?   	kicadai/internal/kiapi/gen/common/types	[no test files]
?   	kicadai/internal/kiapi/gen/schematic/jobs	[no test files]
?   	kicadai/internal/kiapi/gen/schematic/types	[no test files]
ok  	kicadai/internal/kicadfiles	0.158s
ok  	kicadai/internal/kicadfiles/checks	0.220s
ok  	kicadai/internal/kicadfiles/design	0.967s
ok  	kicadai/internal/kicadfiles/designapi	0.940s
ok  	kicadai/internal/kicadfiles/library	0.214s
ok  	kicadai/internal/kicadfiles/pcb	0.306s
ok  	kicadai/internal/kicadfiles/project	0.318s
ok  	kicadai/internal/kicadfiles/roundtrip	1.751s
ok  	kicadai/internal/kicadfiles/schematic	0.352s
ok  	kicadai/internal/kicadfiles/sexpr	0.247s
ok  	kicadai/internal/libraryresolver	0.344s
ok  	kicadai/internal/manifest	0.278s
ok  	kicadai/internal/modelprovenance	0.328s
ok  	kicadai/internal/obligationanchor	0.241s
ok  	kicadai/internal/opentopologysynthesis	670.049s
ok  	kicadai/internal/pcbrules	0.448s
ok  	kicadai/internal/pinmap	0.178s
ok  	kicadai/internal/placement	0.880s
ok  	kicadai/internal/practicalboardeval	0.676s
ok  	kicadai/internal/preservation	0.188s
ok  	kicadai/internal/promotionrunner	1.909s
ok  	kicadai/internal/promotiontoolchain	0.477s
ok  	kicadai/internal/provenance	0.176s
ok  	kicadai/internal/rationale	0.190s
ok  	kicadai/internal/repair	5.129s
ok  	kicadai/internal/repairloop	0.206s
ok  	kicadai/internal/reportartifacts	0.177s
ok  	kicadai/internal/reports	0.177s
ok  	kicadai/internal/routing	0.189s
ok  	kicadai/internal/routingadapters	0.186s
ok  	kicadai/internal/runtimebudget	0.290s
ok  	kicadai/internal/schematic	0.229s
ok  	kicadai/internal/schematicir	45.316s
ok  	kicadai/internal/schematiclayout	0.757s
ok  	kicadai/internal/schematicpcb	0.192s
ok  	kicadai/internal/schematicrules	0.208s
ok  	kicadai/internal/simmodel	0.450s
ok  	kicadai/internal/simulationadmission	0.312s
?   	kicadai/internal/testsupport/tolerancecorpus	[no test files]
ok  	kicadai/internal/transactions	1.707s
ok  	kicadai/internal/workflows	0.246s
ok  	kicadai/internal/writercorrectness	0.230s
ok  	kicadai/specs/ai-requirement-contract-integration/publication-live-v1/replay-audit	0.229s
ok  	kicadai/specs/behavioral-contract-feasibility-realizability	0.180s
ok  	kicadai/specs/closed-loop-open-set-capability-expansion	0.314s
ok  	kicadai/specs/electrical-repair-followup-v23	0.264s
ok  	kicadai/specs/electrical-repair-followup-v23/public-evaluation-v23	0.293s
ok  	kicadai/specs/electrical-repair-followup-v23/publication-v23	0.238s
ok  	kicadai/specs/fable-code-review-remediation	0.182s
ok  	kicadai/specs/generic-analysis-model-solver-admission	0.179s
ok  	kicadai/specs/generic-causal-topology-repair	0.182s
ok  	kicadai/specs/generic-causal-topology-repair/maintenance-evaluation-1	0.262s
ok  	kicadai/specs/post-topology-electrical-blockers	0.209s
ok  	kicadai/specs/post-topology-electrical-blockers/public-evaluation-v22	0.265s
ok  	kicadai/specs/post-topology-electrical-blockers/publication-v22	0.234s
?   	kicadai/specs/tolerance-sensitivity	[no test files]
