=== RUN   TestNativeJointFrozenCandidateDiagnostic
    native_joint_diagnostic_test.go:53: derived drawing-only diagnostic /Users/dshills/Development/projects/KiCadAI/specs/ai-requirement-contract-integration/joint-annotation-placement-offline-v1/diagnostic-transaction-1.json sha256=ca312b0d064a910025361cb7934dd5c5444619ca83e9a41f826b3e5701e99642
    native_joint_diagnostic_test.go:55: immutable input library_index.json sha256=7ec33bdf90748cf42d19a603e8623f8c7c7269e5b33b56c1e477f7b476e1093d
    native_joint_diagnostic_test.go:91: labels=51 placement_error=<nil>
    native_joint_diagnostic_test.go:93: candidate_order=0 uuid=32e43644-7097-5542-99fb-63d5c1613427 text="composition_net_004" count=1 origin={233680000 401320000}
    native_joint_diagnostic_test.go:99: {"uuid":"32e43644-7097-5542-99fb-63d5c1613427","text":"composition_net_004","origin":{"X":233680000,"Y":401320000},"candidates":[{"at":{"X":233680000,"Y":401320000},"box":{"MinX":232410000,"MinY":377190000,"MaxX":233680000,"MaxY":401320000},"rotation":90}]}
    native_joint_diagnostic_test.go:93: candidate_order=1 uuid=906042c7-a78c-5805-b4da-2d8b09745a28 text="composition_net_003" count=2 origin={279400000 62230000}
    native_joint_diagnostic_test.go:99: {"uuid":"906042c7-a78c-5805-b4da-2d8b09745a28","text":"composition_net_003","origin":{"X":279400000,"Y":62230000},"candidates":[{"at":{"X":279400000,"Y":62230000},"box":{"MinX":278130000,"MinY":38100000,"MaxX":279400000,"MaxY":62230000},"rotation":90},{"at":{"X":279400000,"Y":62230000},"box":{"MinX":255270000,"MinY":60960000,"MaxX":279400000,"MaxY":62230000},"rotation":180}]}
    native_joint_diagnostic_test.go:93: candidate_order=2 uuid=9e5ab02d-e783-5f9f-a976-41278123ffbf text="SUPPORT_PARTICIPANT_CONTROLLER__MCU_PA13" count=3 origin={288290000 675640000}
    native_joint_diagnostic_test.go:99: {"uuid":"9e5ab02d-e783-5f9f-a976-41278123ffbf","text":"SUPPORT_PARTICIPANT_CONTROLLER__MCU_PA13","origin":{"X":288290000,"Y":675640000},"candidates":[{"at":{"X":288290000,"Y":675640000},"box":{"MinX":288290000,"MinY":674370000,"MaxX":339090000,"MaxY":675640000},"rotation":0},{"at":{"X":287020000,"Y":675640000},"box":{"MinX":287020000,"MinY":674370000,"MaxX":337820000,"MaxY":675640000},"rotation":0},{"at":{"X":285750000,"Y":675640000},"box":{"MinX":285750000,"MinY":674370000,"MaxX":336550000,"MaxY":675640000},"rotation":0}]}
    native_joint_diagnostic_test.go:93: candidate_order=3 uuid=6b193bd6-e1a1-5776-8406-bf7c040a5cc1 text="SUPPORT_PARTICIPANT_CONTROLLER__MCU_PF2" count=4 origin={214630000 673100000}
    native_joint_diagnostic_test.go:99: {"uuid":"6b193bd6-e1a1-5776-8406-bf7c040a5cc1","text":"SUPPORT_PARTICIPANT_CONTROLLER__MCU_PF2","origin":{"X":214630000,"Y":673100000},"candidates":[{"at":{"X":214630000,"Y":673100000},"box":{"MinX":165100000,"MinY":671830000,"MaxX":214630000,"MaxY":673100000},"rotation":180},{"at":{"X":214630000,"Y":673100000},"box":{"MinX":213360000,"MinY":623570000,"MaxX":214630000,"MaxY":673100000},"rotation":90},{"at":{"X":215900000,"Y":673100000},"box":{"MinX":166370000,"MinY":671830000,"MaxX":215900000,"MaxY":673100000},"rotation":180},{"at":{"X":217170000,"Y":673100000},"box":{"MinX":167640000,"MinY":671830000,"MaxX":217170000,"MaxY":673100000},"rotation":180}]}
    native_joint_diagnostic_test.go:93: candidate_order=4 uuid=8139f9ac-f5ab-5540-80f5-1a95f821ec35 text="SUPPORT_PARTICIPANT_CONTROLLER__MCU_PA14" count=4 origin={214630000 670560000}
    native_joint_diagnostic_test.go:99: {"uuid":"8139f9ac-f5ab-5540-80f5-1a95f821ec35","text":"SUPPORT_PARTICIPANT_CONTROLLER__MCU_PA14","origin":{"X":214630000,"Y":670560000},"candidates":[{"at":{"X":214630000,"Y":670560000},"box":{"MinX":163830000,"MinY":669290000,"MaxX":214630000,"MaxY":670560000},"rotation":180},{"at":{"X":214630000,"Y":670560000},"box":{"MinX":213360000,"MinY":619760000,"MaxX":214630000,"MaxY":670560000},"rotation":90},{"at":{"X":215900000,"Y":670560000},"box":{"MinX":165100000,"MinY":669290000,"MaxX":215900000,"MaxY":670560000},"rotation":180},{"at":{"X":217170000,"Y":670560000},"box":{"MinX":166370000,"MinY":669290000,"MaxX":217170000,"MaxY":670560000},"rotation":180}]}
    native_joint_diagnostic_test.go:93: candidate_order=5 uuid=c207ce87-c036-5eca-8f58-c94e0bcb5928 text="SUPPORT_PARTICIPANT_CONTROLLER__MCU_PA13" count=4 origin={214630000 665480000}
    native_joint_diagnostic_test.go:99: {"uuid":"c207ce87-c036-5eca-8f58-c94e0bcb5928","text":"SUPPORT_PARTICIPANT_CONTROLLER__MCU_PA13","origin":{"X":214630000,"Y":665480000},"candidates":[{"at":{"X":214630000,"Y":665480000},"box":{"MinX":163830000,"MinY":664210000,"MaxX":214630000,"MaxY":665480000},"rotation":180},{"at":{"X":214630000,"Y":665480000},"box":{"MinX":213360000,"MinY":614680000,"MaxX":214630000,"MaxY":665480000},"rotation":90},{"at":{"X":215900000,"Y":665480000},"box":{"MinX":165100000,"MinY":664210000,"MaxX":215900000,"MaxY":665480000},"rotation":180},{"at":{"X":217170000,"Y":665480000},"box":{"MinX":166370000,"MinY":664210000,"MaxX":217170000,"MaxY":665480000},"rotation":180}]}
    native_joint_diagnostic_test.go:93: candidate_order=6 uuid=8c0fb3ec-b9c0-5d92-95b7-508e9498bb2b text="composition_net_001" count=5 origin={214630000 668020000}
    native_joint_diagnostic_test.go:99: {"uuid":"8c0fb3ec-b9c0-5d92-95b7-508e9498bb2b","text":"composition_net_001","origin":{"X":214630000,"Y":668020000},"candidates":[{"at":{"X":214630000,"Y":668020000},"box":{"MinX":190500000,"MinY":666750000,"MaxX":214630000,"MaxY":668020000},"rotation":180},{"at":{"X":214630000,"Y":668020000},"box":{"MinX":213360000,"MinY":643890000,"MaxX":214630000,"MaxY":668020000},"rotation":90},{"at":{"X":214630000,"Y":668020000},"box":{"MinX":213360000,"MinY":668020000,"MaxX":214630000,"MaxY":692150000},"rotation":270},{"at":{"X":215900000,"Y":668020000},"box":{"MinX":191770000,"MinY":666750000,"MaxX":215900000,"MaxY":668020000},"rotation":180},{"at":{"X":217170000,"Y":668020000},"box":{"MinX":193040000,"MinY":666750000,"MaxX":217170000,"MaxY":668020000},"rotation":180}]}
    native_joint_diagnostic_test.go:93: candidate_order=7 uuid=94223834-0265-5a9d-ba1c-c99da1634726 text="SUPPORT_PARTICIPANT_CONTROLLER__MCU_PA14" count=5 origin={288290000 678180000}
    native_joint_diagnostic_test.go:99: {"uuid":"94223834-0265-5a9d-ba1c-c99da1634726","text":"SUPPORT_PARTICIPANT_CONTROLLER__MCU_PA14","origin":{"X":288290000,"Y":678180000},"candidates":[{"at":{"X":288290000,"Y":678180000},"box":{"MinX":288290000,"MinY":676910000,"MaxX":339090000,"MaxY":678180000},"rotation":0},{"at":{"X":288290000,"Y":678180000},"box":{"MinX":287020000,"MinY":678180000,"MaxX":288290000,"MaxY":728980000},"rotation":270},{"at":{"X":287020000,"Y":678180000},"box":{"MinX":287020000,"MinY":676910000,"MaxX":337820000,"MaxY":678180000},"rotation":0},{"at":{"X":287020000,"Y":678180000},"box":{"MinX":285750000,"MinY":678180000,"MaxX":287020000,"MaxY":728980000},"rotation":270},{"at":{"X":285750000,"Y":678180000},"box":{"MinX":285750000,"MinY":676910000,"MaxX":336550000,"MaxY":678180000},"rotation":0}]}
    native_joint_diagnostic_test.go:93: candidate_order=8 uuid=0808d5c9-2183-56d1-b455-7e31ffcf7260 text="composition_net_001" count=7 origin={186690000 63500000}
    native_joint_diagnostic_test.go:93: candidate_order=9 uuid=10edd5f3-23b4-5704-a57c-b56dee3c004a text="SUPPORT_PARTICIPANT_CONTROLLER__MCU_PF2" count=7 origin={236220000 736600000}
    native_joint_diagnostic_test.go:93: candidate_order=10 uuid=14ceb5b7-5f2d-534d-bfb7-6b2b9e773a48 text="composition_net_003" count=7 origin={214630000 662940000}
    native_joint_diagnostic_test.go:93: candidate_order=11 uuid=31d87f3d-116e-55a2-ac98-b6ce13374f28 text="composition_net_001" count=7 origin={330200000 401320000}
    native_joint_diagnostic_test.go:93: candidate_order=12 uuid=4de131db-7fea-58fc-af78-851b8a5f0c1d text="composition_net_001" count=7 origin={186690000 137160000}
    native_joint_diagnostic_test.go:93: candidate_order=13 uuid=505ef689-d5cb-5704-9aa8-453ccdeee999 text="composition_net_001" count=7 origin={245110000 63500000}
    native_joint_diagnostic_test.go:93: candidate_order=14 uuid=72273252-91d6-5433-9af9-ad79bc50c730 text="composition_net_003" count=7 origin={394970000 142240000}
    native_joint_diagnostic_test.go:93: candidate_order=15 uuid=df9a178c-d2ec-56be-a02f-d6747d30b5ba text="composition_net_001" count=7 origin={228600000 708660000}
    native_joint_diagnostic_test.go:93: candidate_order=16 uuid=e7693ca4-a4cc-5c71-ba76-8744489ff011 text="composition_net_004" count=7 origin={186690000 66040000}
    native_joint_diagnostic_test.go:93: candidate_order=17 uuid=e9ca8b3a-b363-5ce3-a760-0a7437ae4a3a text="composition_net_002" count=7 origin={186690000 134620000}
    native_joint_diagnostic_test.go:93: candidate_order=18 uuid=99786622-6b2b-5e57-a7e2-b5a6999224e4 text="SUPPORT_PARTICIPANT_CONTROLLER__MCU_PF2" count=8 origin={213360000 708660000}
    native_joint_diagnostic_test.go:93: candidate_order=19 uuid=1308f40b-f81f-5286-902b-13ff59729edb text="composition_net_006" count=9 origin={187960000 401320000}
    native_joint_diagnostic_test.go:93: candidate_order=20 uuid=b0472655-daf5-5386-b5c2-18d22cce7041 text="composition_net_001" count=9 origin={275590000 66040000}
    native_joint_diagnostic_test.go:93: candidate_order=21 uuid=e6533f0a-7c5a-54fd-b1e6-0cbf555793ce text="composition_net_002" count=9 origin={372110000 142240000}
    native_joint_diagnostic_test.go:93: candidate_order=22 uuid=f07b6044-178d-5955-a48c-f7d18fa93ff1 text="composition_net_003" count=9 origin={220980000 736600000}
    native_joint_diagnostic_test.go:93: candidate_order=23 uuid=f0f03d00-6d59-5bb8-b840-84c3332dc290 text="composition_net_001" count=9 origin={186690000 99060000}
    native_joint_diagnostic_test.go:93: candidate_order=24 uuid=fc97ffab-a6c7-5958-a71a-b34fdb1e4561 text="SUPPORT_PARTICIPANT_CONTROLLER__MCU_PF2" count=9 origin={245110000 647700000}
    native_joint_diagnostic_test.go:93: candidate_order=25 uuid=094e02e6-af0f-5459-a499-a7b52c7c8fcc text="composition_net_001" count=11 origin={309880000 631190000}
    native_joint_diagnostic_test.go:93: candidate_order=26 uuid=46b0bed1-cff7-593f-b8ba-f0de53b55167 text="composition_net_003" count=12 origin={309880000 608330000}
    native_joint_diagnostic_test.go:93: candidate_order=27 uuid=9c2e7c48-b6fc-5964-9810-abb6f14e2ed8 text="composition_net_003" count=12 origin={266700000 632460000}
    native_joint_diagnostic_test.go:93: candidate_order=28 uuid=2910f657-0124-5af1-9e25-80762c3b3da1 text="composition_net_001" count=16 origin={233680000 615950000}
    native_joint_diagnostic_test.go:93: candidate_order=29 uuid=3a8288a5-88e6-5a41-88b5-8de1c9c67403 text="composition_net_001" count=16 origin={266700000 701040000}
    native_joint_diagnostic_test.go:93: candidate_order=30 uuid=4206651f-aa3f-5021-af3a-644ad9387800 text="composition_net_001" count=16 origin={236220000 444500000}
    native_joint_diagnostic_test.go:93: candidate_order=31 uuid=5863d2ab-4c1f-50bf-a9c6-334bae051fd8 text="composition_net_001" count=16 origin={220980000 369570000}
    native_joint_diagnostic_test.go:93: candidate_order=32 uuid=68d84e47-f8ae-5c4f-be2f-76ce401fc9db text="composition_net_001" count=16 origin={358140000 110490000}
    native_joint_diagnostic_test.go:93: candidate_order=33 uuid=85632f04-a3a2-5f90-9d1e-29c1286e5960 text="composition_net_001" count=16 origin={383540000 157480000}
    native_joint_diagnostic_test.go:93: candidate_order=34 uuid=94cd008a-f6b0-5bd1-bb19-a1633b87971a text="composition_net_001" count=16 origin={358140000 196850000}
    native_joint_diagnostic_test.go:93: candidate_order=35 uuid=9637d259-dc07-5c88-b04d-f084a4883545 text="composition_net_001" count=16 origin={408940000 110490000}
    native_joint_diagnostic_test.go:93: candidate_order=36 uuid=a8691b23-0839-5a10-b418-5533908a77b6 text="composition_net_001" count=16 origin={408940000 196850000}
    native_joint_diagnostic_test.go:93: candidate_order=37 uuid=cb7c53c7-e22c-5df0-a858-3002c402bac1 text="composition_net_002" count=16 origin={241300000 106680000}
    native_joint_diagnostic_test.go:93: candidate_order=38 uuid=20c6ee6c-5708-5ba5-8ce6-3021fc16cca0 text="composition_net_003" count=18 origin={233680000 593090000}
    native_joint_diagnostic_test.go:93: candidate_order=39 uuid=218f615c-50aa-5e02-8ab2-7a659d2c4cfd text="composition_net_003" count=18 origin={408940000 173990000}
    native_joint_diagnostic_test.go:93: candidate_order=40 uuid=3e7cec4a-1871-5f16-954d-ededbc919228 text="composition_net_002" count=18 origin={358140000 173990000}
    native_joint_diagnostic_test.go:93: candidate_order=41 uuid=3e983949-8a16-5051-996b-ecd6e4e6f316 text="composition_net_002" count=18 origin={358140000 87630000}
    native_joint_diagnostic_test.go:93: candidate_order=42 uuid=6190ef50-4dbb-556b-916d-23076c2b9c09 text="composition_net_003" count=18 origin={408940000 87630000}
    native_joint_diagnostic_test.go:93: candidate_order=43 uuid=d2f2a7de-3d88-5bca-8cf6-2da7d88c531d text="composition_net_003" count=18 origin={220980000 346710000}
    native_joint_diagnostic_test.go:93: candidate_order=44 uuid=82f3c440-819e-53f8-8b54-16db44bae36a text="composition_net_003" count=34 origin={236220000 391160000}
    native_joint_diagnostic_test.go:93: candidate_order=45 uuid=31e52e28-0bbb-52bf-8f5a-df07cc670d89 text="composition_net_007" count=53 origin={231140000 396240000}
    native_joint_diagnostic_test.go:93: candidate_order=46 uuid=c998b1b4-2caf-5082-8514-c7bdfaa48c32 text="composition_net_007" count=66 origin={285750000 398780000}
    native_joint_diagnostic_test.go:93: candidate_order=47 uuid=8e6b73da-4cc8-50b1-b0f0-766f3166647c text="composition_net_006" count=71 origin={242570000 398780000}
    native_joint_diagnostic_test.go:93: candidate_order=48 uuid=08e0ed14-3853-5ff2-a7c1-130c1ee1fcd3 text="composition_net_005" count=132 origin={231140000 429260000}
    native_joint_diagnostic_test.go:93: candidate_order=49 uuid=5bb69b61-5f5a-577d-9fca-9288307e41da text="composition_net_005" count=745 origin={246380000 426720000}
    native_joint_diagnostic_test.go:93: candidate_order=50 uuid=73dce535-885e-5b98-b03a-c9a9d7a04f71 text="composition_net_005" count=745 origin={289560000 538480000}
--- PASS: TestNativeJointFrozenCandidateDiagnostic (7.73s)
PASS
ok  	kicadai/internal/transactions	7.965s
