?   	kicadai	[no test files]
ok  	kicadai/cmd/ai-requirement-eval	0.284s
ok  	kicadai/cmd/kicadai	41.646s
ok  	kicadai/cmd/kicadai-baseline-publish-v10	0.689s
ok  	kicadai/cmd/kicadai-capability-advance-v10	0.729s
ok  	kicadai/cmd/kicadai-capability-eval	0.873s
ok  	kicadai/cmd/kicadai-capability-rank-v10	0.347s
ok  	kicadai/cmd/kicadai-corpus-publish	0.464s
ok  	kicadai/cmd/kicadai-corpus-publish-v10	0.428s
ok  	kicadai/cmd/kicadai-corpus-publish-v6	0.470s
ok  	kicadai/cmd/kicadai-corpus-publish-v7	0.471s
ok  	kicadai/cmd/kicadai-corpus-publish-v8	0.470s
ok  	kicadai/cmd/kicadai-corpus-validate	0.470s
ok  	kicadai/cmd/kicadai-corpus-validate-v10	0.472s
ok  	kicadai/cmd/kicadai-corpus-validate-v6	0.462s
ok  	kicadai/cmd/kicadai-corpus-validate-v7	0.588s
ok  	kicadai/cmd/kicadai-corpus-validate-v8	0.581s
ok  	kicadai/cmd/kicadai-corpus-validate-v9	0.591s
ok  	kicadai/cmd/kicadai-discovery-baseline-v10	0.630s
ok  	kicadai/cmd/kicadai-discovery-baseline-v11	0.799s
ok  	kicadai/cmd/kicadai-discovery-baseline-v12	0.938s
ok  	kicadai/cmd/kicadai-discovery-baseline-v13	0.655s
ok  	kicadai/cmd/kicadai-discovery-baseline-v14	0.643s
ok  	kicadai/cmd/kicadai-discovery-baseline-v15	0.646s
ok  	kicadai/cmd/kicadai-discovery-baseline-v16	0.645s
ok  	kicadai/cmd/kicadai-discovery-baseline-v17	0.733s
ok  	kicadai/cmd/kicadai-discovery-baseline-v18	0.749s
ok  	kicadai/cmd/kicadai-discovery-baseline-v19	0.744s
ok  	kicadai/cmd/kicadai-discovery-baseline-v20	0.740s
ok  	kicadai/cmd/kicadai-discovery-baseline-v21	0.757s
ok  	kicadai/cmd/kicadai-discovery-baseline-v22	0.760s
ok  	kicadai/cmd/kicadai-discovery-baseline-v23	0.668s
ok  	kicadai/cmd/kicadai-electrical-diagnostics	0.620s
ok  	kicadai/cmd/kicadai-promotion	0.553s
ok  	kicadai/cmd/kicadai-v9-history-custodian	0.657s
?   	kicadai/cmd/practical-board-eval	[no test files]
ok  	kicadai/internal/aiprovider	0.444s
ok  	kicadai/internal/aireadiness	0.422s
ok  	kicadai/internal/airequirementeval	2.831s
ok  	kicadai/internal/amplifiers	0.675s
ok  	kicadai/internal/architecturesearch	5.213s
ok  	kicadai/internal/atomicdir	0.194s
ok  	kicadai/internal/atomicfile	1.645s
ok  	kicadai/internal/behavioralintent	0.364s
ok  	kicadai/internal/blindbaseline	0.500s
ok  	kicadai/internal/blocks	1.809s
ok  	kicadai/internal/blocks/verification	2.786s
ok  	kicadai/internal/boardvalidation	0.170s
ok  	kicadai/internal/buildinfo	1.103s
ok  	kicadai/internal/canonicaljsonstream	0.220s
ok  	kicadai/internal/capabilityadvancementv10	0.491s
ok  	kicadai/internal/capabilitybaselinepublicationv10	0.274s
ok  	kicadai/internal/capabilitybaselinepublicationv9	0.568s
ok  	kicadai/internal/capabilitybaselinev10	0.418s
ok  	kicadai/internal/capabilitybaselinev9	0.432s
ok  	kicadai/internal/capabilitybundles	0.206s
ok  	kicadai/internal/capabilityevaluation	0.386s
ok  	kicadai/internal/capabilityexecutorv10	22.758s
ok  	kicadai/internal/capabilityexpansion	0.517s
ok  	kicadai/internal/capabilityfeedback	28.190s
ok  	kicadai/internal/capabilitygate	0.520s
ok  	kicadai/internal/capabilitypackages	0.169s
ok  	kicadai/internal/capabilityrounds	0.179s
ok  	kicadai/internal/capabilityroundsv10	0.180s
ok  	kicadai/internal/capabilityroundsv8	0.241s
ok  	kicadai/internal/capabilityroundsv9	5.789s
ok  	kicadai/internal/capabilityselectionv10	0.243s
ok  	kicadai/internal/circuitgraph	24.528s
ok  	kicadai/internal/closedloopsynthesis	0.244s
ok  	kicadai/internal/componentonboarding	3.453s
ok  	kicadai/internal/componentprops	0.188s
ok  	kicadai/internal/components	1.290s
ok  	kicadai/internal/compositionlowering	81.149s
ok  	kicadai/internal/config	0.433s
ok  	kicadai/internal/corpusassignment	0.161s
ok  	kicadai/internal/corpusfreeze	0.226s
ok  	kicadai/internal/corpusfreezev10	0.200s
ok  	kicadai/internal/corpusfreezev6	0.172s
ok  	kicadai/internal/corpusfreezev7	0.179s
ok  	kicadai/internal/corpusfreezev8	0.200s
ok  	kicadai/internal/corpusfreezev9	0.168s
ok  	kicadai/internal/corpushistoryv9	0.300s
ok  	kicadai/internal/corpuspublication	3.320s
ok  	kicadai/internal/creationevidence	0.725s
ok  	kicadai/internal/designworkflow	24.395s
ok  	kicadai/internal/domain	0.188s
ok  	kicadai/internal/electricaldiagnostics	0.248s
ok  	kicadai/internal/evaluate	0.215s
ok  	kicadai/internal/externalkey	0.256s
ok  	kicadai/internal/fabrication	0.311s
ok  	kicadai/internal/fabrication/physicalrules	0.343s
ok  	kicadai/internal/fabrication/profiles	0.205s
ok  	kicadai/internal/generate	0.286s
ok  	kicadai/internal/generationcapability	0.222s
ok  	kicadai/internal/inspect	0.228s
ok  	kicadai/internal/intentdraft	0.189s
ok  	kicadai/internal/intentplanner	0.686s
ok  	kicadai/internal/ipc	0.400s
ok  	kicadai/internal/kiapi	0.192s
?   	kicadai/internal/kiapi/gen/board	[no test files]
?   	kicadai/internal/kiapi/gen/board/commands	[no test files]
?   	kicadai/internal/kiapi/gen/board/jobs	[no test files]
?   	kicadai/internal/kiapi/gen/board/types	[no test files]
?   	kicadai/internal/kiapi/gen/common	[no test files]
?   	kicadai/internal/kiapi/gen/common/commands	[no test files]
?   	kicadai/internal/kiapi/gen/common/project	[no test files]
?   	kicadai/internal/kiapi/gen/common/types	[no test files]
?   	kicadai/internal/kiapi/gen/schematic/jobs	[no test files]
?   	kicadai/internal/kiapi/gen/schematic/types	[no test files]
ok  	kicadai/internal/kicadfiles	0.160s
ok  	kicadai/internal/kicadfiles/checks	0.195s
ok  	kicadai/internal/kicadfiles/design	1.380s
ok  	kicadai/internal/kicadfiles/designapi	1.298s
ok  	kicadai/internal/kicadfiles/library	0.181s
ok  	kicadai/internal/kicadfiles/pcb	0.258s
ok  	kicadai/internal/kicadfiles/project	0.255s
ok  	kicadai/internal/kicadfiles/roundtrip	1.612s
ok  	kicadai/internal/kicadfiles/schematic	0.310s
ok  	kicadai/internal/kicadfiles/sexpr	0.216s
ok  	kicadai/internal/libraryresolver	0.353s
ok  	kicadai/internal/manifest	0.275s
ok  	kicadai/internal/modelprovenance	0.321s
ok  	kicadai/internal/obligationanchor	0.243s
ok  	kicadai/internal/opentopologysynthesis	674.270s
ok  	kicadai/internal/pcbrules	0.488s
ok  	kicadai/internal/pinmap	0.179s
ok  	kicadai/internal/placement	0.933s
ok  	kicadai/internal/practicalboardeval	0.647s
ok  	kicadai/internal/preservation	0.197s
ok  	kicadai/internal/promotionrunner	1.669s
ok  	kicadai/internal/promotiontoolchain	0.468s
ok  	kicadai/internal/provenance	0.181s
ok  	kicadai/internal/rationale	0.187s
ok  	kicadai/internal/repair	5.281s
ok  	kicadai/internal/repairloop	0.206s
ok  	kicadai/internal/reportartifacts	0.172s
ok  	kicadai/internal/reports	0.168s
ok  	kicadai/internal/routing	0.192s
ok  	kicadai/internal/routingadapters	0.166s
ok  	kicadai/internal/runtimebudget	0.173s
ok  	kicadai/internal/schematic	0.207s
ok  	kicadai/internal/schematicir	44.078s
ok  	kicadai/internal/schematiclayout	0.677s
ok  	kicadai/internal/schematicpcb	0.196s
ok  	kicadai/internal/schematicrules	0.178s
ok  	kicadai/internal/simmodel	0.422s
ok  	kicadai/internal/simulationadmission	0.306s
?   	kicadai/internal/testsupport/tolerancecorpus	[no test files]
ok  	kicadai/internal/transactions	1.475s
ok  	kicadai/internal/workflows	0.242s
ok  	kicadai/internal/writercorrectness	0.230s
ok  	kicadai/specs/ai-requirement-contract-integration/publication-live-v1/replay-audit	0.225s
ok  	kicadai/specs/behavioral-contract-feasibility-realizability	0.175s
ok  	kicadai/specs/closed-loop-open-set-capability-expansion	0.309s
ok  	kicadai/specs/electrical-repair-followup-v23	0.264s
ok  	kicadai/specs/electrical-repair-followup-v23/public-evaluation-v23	0.293s
ok  	kicadai/specs/electrical-repair-followup-v23/publication-v23	0.240s
ok  	kicadai/specs/fable-code-review-remediation	0.182s
ok  	kicadai/specs/generic-analysis-model-solver-admission	0.179s
ok  	kicadai/specs/generic-causal-topology-repair	0.181s
ok  	kicadai/specs/generic-causal-topology-repair/maintenance-evaluation-1	0.297s
ok  	kicadai/specs/post-topology-electrical-blockers	0.201s
ok  	kicadai/specs/post-topology-electrical-blockers/public-evaluation-v22	0.266s
ok  	kicadai/specs/post-topology-electrical-blockers/publication-v22	0.227s
?   	kicadai/specs/tolerance-sensitivity	[no test files]
