=== RUN   TestNativeLocalWiringFrozenCandidateDiagnostic
    native_local_wiring_diagnostic_test.go:52: derived drawing-only diagnostic /Users/dshills/Development/projects/KiCadAI/specs/ai-requirement-contract-integration/power-locality-offline-v1/diagnostic-transaction-3.json sha256=344205e95a9ad4ecbf68fed05d3c916a67d73adfca4c921be4a6897c8abc2cdd
    native_local_wiring_diagnostic_test.go:54: immutable input library_index.json sha256=f870dcbf7c738656691f0b337391050bd93c2a7ad37832be97bc50d8194d0359
    native_local_wiring_diagnostic_test.go:90: labels=31 placement_error=<nil>
    native_local_wiring_diagnostic_test.go:92: candidate_order=0 uuid=391550ab-41e6-545c-8063-83d54a7985c2 text="SUPPORT_PARTICIPANT_CONTROLLER__MCU_PA13" count=3 origin={387350000 264160000}
    native_local_wiring_diagnostic_test.go:98: {"uuid":"391550ab-41e6-545c-8063-83d54a7985c2","text":"SUPPORT_PARTICIPANT_CONTROLLER__MCU_PA13","origin":{"X":387350000,"Y":264160000},"candidates":[{"at":{"X":387350000,"Y":264160000},"box":{"MinX":336550000,"MinY":262890000,"MaxX":387350000,"MaxY":264160000},"rotation":180},{"at":{"X":388620000,"Y":264160000},"box":{"MinX":337820000,"MinY":262890000,"MaxX":388620000,"MaxY":264160000},"rotation":180},{"at":{"X":389890000,"Y":264160000},"box":{"MinX":339090000,"MinY":262890000,"MaxX":389890000,"MaxY":264160000},"rotation":180}]}
    native_local_wiring_diagnostic_test.go:92: candidate_order=1 uuid=3fdc9e77-ac3a-5312-b8cf-8e8be8abee7a text="SUPPORT_PARTICIPANT_CONTROLLER__MCU_PA13" count=3 origin={461010000 274320000}
    native_local_wiring_diagnostic_test.go:98: {"uuid":"3fdc9e77-ac3a-5312-b8cf-8e8be8abee7a","text":"SUPPORT_PARTICIPANT_CONTROLLER__MCU_PA13","origin":{"X":461010000,"Y":274320000},"candidates":[{"at":{"X":461010000,"Y":274320000},"box":{"MinX":461010000,"MinY":273050000,"MaxX":511810000,"MaxY":274320000},"rotation":0},{"at":{"X":459740000,"Y":274320000},"box":{"MinX":459740000,"MinY":273050000,"MaxX":510540000,"MaxY":274320000},"rotation":0},{"at":{"X":458470000,"Y":274320000},"box":{"MinX":458470000,"MinY":273050000,"MaxX":509270000,"MaxY":274320000},"rotation":0}]}
    native_local_wiring_diagnostic_test.go:92: candidate_order=2 uuid=597dbf52-9d77-5709-aaf3-c1663a2cfb49 text="composition_net_003" count=3 origin={387350000 261620000}
    native_local_wiring_diagnostic_test.go:98: {"uuid":"597dbf52-9d77-5709-aaf3-c1663a2cfb49","text":"composition_net_003","origin":{"X":387350000,"Y":261620000},"candidates":[{"at":{"X":387350000,"Y":261620000},"box":{"MinX":363220000,"MinY":260350000,"MaxX":387350000,"MaxY":261620000},"rotation":180},{"at":{"X":388620000,"Y":261620000},"box":{"MinX":364490000,"MinY":260350000,"MaxX":388620000,"MaxY":261620000},"rotation":180},{"at":{"X":389890000,"Y":261620000},"box":{"MinX":365760000,"MinY":260350000,"MaxX":389890000,"MaxY":261620000},"rotation":180}]}
    native_local_wiring_diagnostic_test.go:92: candidate_order=3 uuid=9c64659b-d3a9-59f9-973e-28f98277de4e text="composition_net_005" count=3 origin={189230000 274320000}
    native_local_wiring_diagnostic_test.go:98: {"uuid":"9c64659b-d3a9-59f9-973e-28f98277de4e","text":"composition_net_005","origin":{"X":189230000,"Y":274320000},"candidates":[{"at":{"X":189230000,"Y":274320000},"box":{"MinX":189230000,"MinY":273050000,"MaxX":213360000,"MaxY":274320000},"rotation":0},{"at":{"X":187960000,"Y":274320000},"box":{"MinX":187960000,"MinY":273050000,"MaxX":212090000,"MaxY":274320000},"rotation":0},{"at":{"X":186690000,"Y":274320000},"box":{"MinX":186690000,"MinY":273050000,"MaxX":210820000,"MaxY":274320000},"rotation":0}]}
    native_local_wiring_diagnostic_test.go:92: candidate_order=4 uuid=b7c85093-f0fe-5cf1-b0b3-c0984525f999 text="SUPPORT_PARTICIPANT_CONTROLLER__MCU_PA14" count=3 origin={387350000 269240000}
    native_local_wiring_diagnostic_test.go:98: {"uuid":"b7c85093-f0fe-5cf1-b0b3-c0984525f999","text":"SUPPORT_PARTICIPANT_CONTROLLER__MCU_PA14","origin":{"X":387350000,"Y":269240000},"candidates":[{"at":{"X":387350000,"Y":269240000},"box":{"MinX":336550000,"MinY":267970000,"MaxX":387350000,"MaxY":269240000},"rotation":180},{"at":{"X":388620000,"Y":269240000},"box":{"MinX":337820000,"MinY":267970000,"MaxX":388620000,"MaxY":269240000},"rotation":180},{"at":{"X":389890000,"Y":269240000},"box":{"MinX":339090000,"MinY":267970000,"MaxX":389890000,"MaxY":269240000},"rotation":180}]}
    native_local_wiring_diagnostic_test.go:92: candidate_order=5 uuid=c948dfb8-1572-5d3a-b27b-db070720f18f text="composition_net_002" count=3 origin={125730000 114300000}
    native_local_wiring_diagnostic_test.go:98: {"uuid":"c948dfb8-1572-5d3a-b27b-db070720f18f","text":"composition_net_002","origin":{"X":125730000,"Y":114300000},"candidates":[{"at":{"X":125730000,"Y":114300000},"box":{"MinX":101600000,"MinY":113030000,"MaxX":125730000,"MaxY":114300000},"rotation":180},{"at":{"X":127000000,"Y":114300000},"box":{"MinX":102870000,"MinY":113030000,"MaxX":127000000,"MaxY":114300000},"rotation":180},{"at":{"X":128270000,"Y":114300000},"box":{"MinX":104140000,"MinY":113030000,"MaxX":128270000,"MaxY":114300000},"rotation":180}]}
    native_local_wiring_diagnostic_test.go:92: candidate_order=6 uuid=1f53f357-87e5-5131-9c24-94322f1d4d0d text="composition_net_007" count=4 origin={166370000 271780000}
    native_local_wiring_diagnostic_test.go:98: {"uuid":"1f53f357-87e5-5131-9c24-94322f1d4d0d","text":"composition_net_007","origin":{"X":166370000,"Y":271780000},"candidates":[{"at":{"X":166370000,"Y":271780000},"box":{"MinX":142240000,"MinY":270510000,"MaxX":166370000,"MaxY":271780000},"rotation":180},{"at":{"X":166370000,"Y":271780000},"box":{"MinX":165100000,"MinY":271780000,"MaxX":166370000,"MaxY":295910000},"rotation":270},{"at":{"X":167640000,"Y":271780000},"box":{"MinX":143510000,"MinY":270510000,"MaxX":167640000,"MaxY":271780000},"rotation":180},{"at":{"X":168910000,"Y":271780000},"box":{"MinX":144780000,"MinY":270510000,"MaxX":168910000,"MaxY":271780000},"rotation":180}]}
    native_local_wiring_diagnostic_test.go:92: candidate_order=7 uuid=04bedfa8-7314-5c58-9762-1430b01d4c52 text="SUPPORT_PARTICIPANT_CONTROLLER__MCU_PF2" count=5 origin={408940000 335280000}
    native_local_wiring_diagnostic_test.go:98: {"uuid":"04bedfa8-7314-5c58-9762-1430b01d4c52","text":"SUPPORT_PARTICIPANT_CONTROLLER__MCU_PF2","origin":{"X":408940000,"Y":335280000},"candidates":[{"at":{"X":408940000,"Y":335280000},"box":{"MinX":408940000,"MinY":334010000,"MaxX":458470000,"MaxY":335280000},"rotation":0},{"at":{"X":408940000,"Y":335280000},"box":{"MinX":407670000,"MinY":335280000,"MaxX":408940000,"MaxY":384810000},"rotation":270},{"at":{"X":407670000,"Y":335280000},"box":{"MinX":407670000,"MinY":334010000,"MaxX":457200000,"MaxY":335280000},"rotation":0},{"at":{"X":407670000,"Y":335280000},"box":{"MinX":406400000,"MinY":335280000,"MaxX":407670000,"MaxY":384810000},"rotation":270},{"at":{"X":406400000,"Y":335280000},"box":{"MinX":406400000,"MinY":334010000,"MaxX":455930000,"MaxY":335280000},"rotation":0}]}
    native_local_wiring_diagnostic_test.go:92: candidate_order=8 uuid=27bf249b-642b-5020-ad88-1a53627f6582 text="composition_net_005" count=5 origin={461010000 246380000}
    native_local_wiring_diagnostic_test.go:92: candidate_order=9 uuid=befa9769-3445-5289-acaf-441d406a596c text="SUPPORT_PARTICIPANT_CONTROLLER__MCU_PA14" count=5 origin={461010000 276860000}
    native_local_wiring_diagnostic_test.go:92: candidate_order=10 uuid=19606c9f-7094-54bd-8a21-a440bd92f01a text="composition_net_003" count=6 origin={214630000 43180000}
    native_local_wiring_diagnostic_test.go:92: candidate_order=11 uuid=4d3db046-33ac-516e-8540-6470f38404ba text="composition_net_004" count=6 origin={125730000 45720000}
    native_local_wiring_diagnostic_test.go:92: candidate_order=12 uuid=6bdd970b-6165-5152-8567-f50634019651 text="composition_net_005" count=6 origin={166370000 276860000}
    native_local_wiring_diagnostic_test.go:92: candidate_order=13 uuid=6dbd13a1-9818-58ae-8ab5-423a430736b3 text="composition_net_004" count=6 origin={170180000 246380000}
    native_local_wiring_diagnostic_test.go:92: candidate_order=14 uuid=a94fbabe-c236-5fa1-9e12-a6f3346d3027 text="composition_net_006" count=9 origin={127000000 246380000}
    native_local_wiring_diagnostic_test.go:92: candidate_order=15 uuid=d1db20a6-14b0-561b-b769-75a35b369fac text="composition_net_005" count=11 origin={138430000 241300000}
    native_local_wiring_diagnostic_test.go:92: candidate_order=16 uuid=9f4d6ff4-cfa9-5792-8dde-cfd0c823fa0c text="composition_net_002" count=16 origin={180340000 86360000}
    native_local_wiring_diagnostic_test.go:92: candidate_order=17 uuid=2e60ecf3-37fc-5aff-b008-c4c7ffec30e7 text="composition_net_007" count=64 origin={257810000 243840000}
    native_local_wiring_diagnostic_test.go:92: candidate_order=18 uuid=48f3aba7-d9c5-50e3-a572-032a50454d22 text="composition_net_006" count=68 origin={181610000 243840000}
    native_local_wiring_diagnostic_test.go:92: candidate_order=19 uuid=d249587a-c52c-5f6c-aaf1-57c8bdc6bc26 text="composition_net_002" count=124 origin={314960000 45720000}
    native_local_wiring_diagnostic_test.go:92: candidate_order=20 uuid=e794ef3a-6e95-5697-8bcb-a99d80d7b8ca text="composition_net_002" count=124 origin={273050000 43180000}
    native_local_wiring_diagnostic_test.go:92: candidate_order=21 uuid=a6b51499-e026-5426-8019-5fcf463a2634 text="composition_net_003" count=150 origin={330200000 45720000}
    native_local_wiring_diagnostic_test.go:92: candidate_order=22 uuid=a5faff34-aaf7-5ec9-9c01-68cdca2d6793 text="composition_net_001" count=183 origin={322580000 58420000}
    native_local_wiring_diagnostic_test.go:92: candidate_order=23 uuid=255fcdaa-3a48-5c16-917c-2d82e9557b1b text="SUPPORT_PARTICIPANT_CONTROLLER__MCU_PF2" count=313 origin={309880000 276860000}
    native_local_wiring_diagnostic_test.go:92: candidate_order=24 uuid=c9c24ea9-b803-5cb8-92a3-a94806fd3576 text="SUPPORT_PARTICIPANT_CONTROLLER__MCU_PF2" count=313 origin={421640000 243840000}
    native_local_wiring_diagnostic_test.go:92: candidate_order=25 uuid=2e32499b-a3e6-5a41-8146-18cf2355735f text="composition_net_001" count=530 origin={129540000 40640000}
    native_local_wiring_diagnostic_test.go:92: candidate_order=26 uuid=5c8c4e34-f1eb-5aa9-abbb-bd8068dc76f0 text="composition_net_001" count=530 origin={139700000 53340000}
    native_local_wiring_diagnostic_test.go:92: candidate_order=27 uuid=7d7d8c49-673c-5812-9bd8-bdfb4d9325a3 text="composition_net_001" count=667 origin={175260000 281940000}
    native_local_wiring_diagnostic_test.go:92: candidate_order=28 uuid=1b5f7a45-d716-54a8-8211-64af13605265 text="composition_net_001" count=1073 origin={441960000 292100000}
    native_local_wiring_diagnostic_test.go:92: candidate_order=29 uuid=68ffe7e6-291d-5fb3-a0f0-dedb9ec5f448 text="composition_net_003" count=2393 origin={190500000 266700000}
    native_local_wiring_diagnostic_test.go:92: candidate_order=30 uuid=f1060926-abe5-53d6-97d8-8a02842c3c81 text="composition_net_003" count=2397 origin={219075000 317500000}
--- PASS: TestNativeLocalWiringFrozenCandidateDiagnostic (8.36s)
PASS
ok  	kicadai/internal/transactions	8.693s
