=== RUN   TestNativeLocalWiringFrozenCandidateDiagnostic
    native_local_wiring_diagnostic_test.go:52: derived drawing-only diagnostic /Users/dshills/Development/projects/KiCadAI/specs/ai-requirement-contract-integration/power-locality-offline-v1/diagnostic-transaction-1.json sha256=90af22df10fad2d077a0594a5bc1bb9c414b5b383cfc69baaf9ff401f7a0acd1
    native_local_wiring_diagnostic_test.go:54: immutable input library_index.json sha256=f870dcbf7c738656691f0b337391050bd93c2a7ad37832be97bc50d8194d0359
    native_local_wiring_diagnostic_test.go:90: labels=47 placement_error=<nil>
    native_local_wiring_diagnostic_test.go:92: candidate_order=0 uuid=229b4701-af22-5a68-9f8d-9d6cce11e60f text="composition_net_003" count=1 origin={448310000 487680000}
    native_local_wiring_diagnostic_test.go:98: {"uuid":"229b4701-af22-5a68-9f8d-9d6cce11e60f","text":"composition_net_003","origin":{"X":448310000,"Y":487680000},"candidates":[{"at":{"X":448310000,"Y":487680000},"box":{"MinX":448310000,"MinY":486410000,"MaxX":472440000,"MaxY":487680000},"rotation":0}]}
    native_local_wiring_diagnostic_test.go:92: candidate_order=1 uuid=ad1d2024-0c01-50a1-b2bf-54ea11defabf text="composition_net_003" count=2 origin={226060000 214630000}
    native_local_wiring_diagnostic_test.go:98: {"uuid":"ad1d2024-0c01-50a1-b2bf-54ea11defabf","text":"composition_net_003","origin":{"X":226060000,"Y":214630000},"candidates":[{"at":{"X":226060000,"Y":214630000},"box":{"MinX":224790000,"MinY":190500000,"MaxX":226060000,"MaxY":214630000},"rotation":90},{"at":{"X":226060000,"Y":214630000},"box":{"MinX":201930000,"MinY":213360000,"MaxX":226060000,"MaxY":214630000},"rotation":180}]}
    native_local_wiring_diagnostic_test.go:92: candidate_order=2 uuid=63d53f4c-9c12-59cd-9a4c-cbce5c395b1a text="composition_net_001" count=3 origin={394970000 515620000}
    native_local_wiring_diagnostic_test.go:98: {"uuid":"63d53f4c-9c12-59cd-9a4c-cbce5c395b1a","text":"composition_net_001","origin":{"X":394970000,"Y":515620000},"candidates":[{"at":{"X":394970000,"Y":515620000},"box":{"MinX":370840000,"MinY":514350000,"MaxX":394970000,"MaxY":515620000},"rotation":180},{"at":{"X":396240000,"Y":515620000},"box":{"MinX":372110000,"MinY":514350000,"MaxX":396240000,"MaxY":515620000},"rotation":180},{"at":{"X":397510000,"Y":515620000},"box":{"MinX":373380000,"MinY":514350000,"MaxX":397510000,"MaxY":515620000},"rotation":180}]}
    native_local_wiring_diagnostic_test.go:92: candidate_order=3 uuid=a96f94f6-7f6c-59e9-8945-582db1d75e83 text="composition_net_003" count=3 origin={394970000 510540000}
    native_local_wiring_diagnostic_test.go:98: {"uuid":"a96f94f6-7f6c-59e9-8945-582db1d75e83","text":"composition_net_003","origin":{"X":394970000,"Y":510540000},"candidates":[{"at":{"X":394970000,"Y":510540000},"box":{"MinX":370840000,"MinY":509270000,"MaxX":394970000,"MaxY":510540000},"rotation":180},{"at":{"X":396240000,"Y":510540000},"box":{"MinX":372110000,"MinY":509270000,"MaxX":396240000,"MaxY":510540000},"rotation":180},{"at":{"X":397510000,"Y":510540000},"box":{"MinX":373380000,"MinY":509270000,"MaxX":397510000,"MaxY":510540000},"rotation":180}]}
    native_local_wiring_diagnostic_test.go:92: candidate_order=4 uuid=d528c7f5-d793-566b-bdb6-54c2d6972f3b text="SUPPORT_PARTICIPANT_CONTROLLER__MCU_PA13" count=3 origin={468630000 523240000}
    native_local_wiring_diagnostic_test.go:98: {"uuid":"d528c7f5-d793-566b-bdb6-54c2d6972f3b","text":"SUPPORT_PARTICIPANT_CONTROLLER__MCU_PA13","origin":{"X":468630000,"Y":523240000},"candidates":[{"at":{"X":468630000,"Y":523240000},"box":{"MinX":468630000,"MinY":521970000,"MaxX":519430000,"MaxY":523240000},"rotation":0},{"at":{"X":467360000,"Y":523240000},"box":{"MinX":467360000,"MinY":521970000,"MaxX":518160000,"MaxY":523240000},"rotation":0},{"at":{"X":466090000,"Y":523240000},"box":{"MinX":466090000,"MinY":521970000,"MaxX":516890000,"MaxY":523240000},"rotation":0}]}
    native_local_wiring_diagnostic_test.go:92: candidate_order=5 uuid=e030057e-5548-56c7-9b4a-f37c4d089a0e text="SUPPORT_PARTICIPANT_CONTROLLER__MCU_PA13" count=3 origin={394970000 513080000}
    native_local_wiring_diagnostic_test.go:98: {"uuid":"e030057e-5548-56c7-9b4a-f37c4d089a0e","text":"SUPPORT_PARTICIPANT_CONTROLLER__MCU_PA13","origin":{"X":394970000,"Y":513080000},"candidates":[{"at":{"X":394970000,"Y":513080000},"box":{"MinX":344170000,"MinY":511810000,"MaxX":394970000,"MaxY":513080000},"rotation":180},{"at":{"X":396240000,"Y":513080000},"box":{"MinX":345440000,"MinY":511810000,"MaxX":396240000,"MaxY":513080000},"rotation":180},{"at":{"X":397510000,"Y":513080000},"box":{"MinX":346710000,"MinY":511810000,"MaxX":397510000,"MaxY":513080000},"rotation":180}]}
    native_local_wiring_diagnostic_test.go:92: candidate_order=6 uuid=f1af2f94-e2ce-5c1a-8800-43cb46fec841 text="SUPPORT_PARTICIPANT_CONTROLLER__MCU_PA14" count=3 origin={394970000 518160000}
    native_local_wiring_diagnostic_test.go:98: {"uuid":"f1af2f94-e2ce-5c1a-8800-43cb46fec841","text":"SUPPORT_PARTICIPANT_CONTROLLER__MCU_PA14","origin":{"X":394970000,"Y":518160000},"candidates":[{"at":{"X":394970000,"Y":518160000},"box":{"MinX":344170000,"MinY":516890000,"MaxX":394970000,"MaxY":518160000},"rotation":180},{"at":{"X":396240000,"Y":518160000},"box":{"MinX":345440000,"MinY":516890000,"MaxX":396240000,"MaxY":518160000},"rotation":180},{"at":{"X":397510000,"Y":518160000},"box":{"MinX":346710000,"MinY":516890000,"MaxX":397510000,"MaxY":518160000},"rotation":180}]}
    native_local_wiring_diagnostic_test.go:92: candidate_order=7 uuid=1d4436bd-50a7-517d-8346-863e3a64540e text="SUPPORT_PARTICIPANT_CONTROLLER__MCU_PF2" count=5 origin={416560000 584200000}
    native_local_wiring_diagnostic_test.go:98: {"uuid":"1d4436bd-50a7-517d-8346-863e3a64540e","text":"SUPPORT_PARTICIPANT_CONTROLLER__MCU_PF2","origin":{"X":416560000,"Y":584200000},"candidates":[{"at":{"X":416560000,"Y":584200000},"box":{"MinX":416560000,"MinY":582930000,"MaxX":466090000,"MaxY":584200000},"rotation":0},{"at":{"X":416560000,"Y":584200000},"box":{"MinX":415290000,"MinY":584200000,"MaxX":416560000,"MaxY":633730000},"rotation":270},{"at":{"X":415290000,"Y":584200000},"box":{"MinX":415290000,"MinY":582930000,"MaxX":464820000,"MaxY":584200000},"rotation":0},{"at":{"X":415290000,"Y":584200000},"box":{"MinX":414020000,"MinY":584200000,"MaxX":415290000,"MaxY":633730000},"rotation":270},{"at":{"X":414020000,"Y":584200000},"box":{"MinX":414020000,"MinY":582930000,"MaxX":463550000,"MaxY":584200000},"rotation":0}]}
    native_local_wiring_diagnostic_test.go:92: candidate_order=8 uuid=414041d5-0a37-51c5-9371-41d9f623aed1 text="composition_net_005" count=5 origin={196850000 457200000}
    native_local_wiring_diagnostic_test.go:92: candidate_order=9 uuid=8d827812-cd20-552b-bb85-d7e15b35fa56 text="SUPPORT_PARTICIPANT_CONTROLLER__MCU_PA14" count=5 origin={468630000 525780000}
    native_local_wiring_diagnostic_test.go:92: candidate_order=10 uuid=4b7341a6-e315-52f2-a2e6-da98132ea6fd text="composition_net_003" count=6 origin={450850000 430530000}
    native_local_wiring_diagnostic_test.go:92: candidate_order=11 uuid=07e66115-e46a-5007-a559-0705ce9db170 text="composition_net_001" count=7 origin={133350000 289560000}
    native_local_wiring_diagnostic_test.go:92: candidate_order=12 uuid=2d66cea4-ef03-5d4e-bc53-d9f106b4caa7 text="composition_net_001" count=7 origin={276860000 429260000}
    native_local_wiring_diagnostic_test.go:92: candidate_order=13 uuid=2d6b4d3a-b621-5196-a49a-6cb419ee8b1c text="composition_net_005" count=7 origin={173990000 459740000}
    native_local_wiring_diagnostic_test.go:92: candidate_order=14 uuid=3124f40e-0d6a-5497-88cc-7ea2e1dec035 text="composition_net_005" count=7 origin={468630000 495300000}
    native_local_wiring_diagnostic_test.go:92: candidate_order=15 uuid=33eebca9-fc14-5a03-b63f-dadbb26588f4 text="composition_net_001" count=7 origin={191770000 215900000}
    native_local_wiring_diagnostic_test.go:92: candidate_order=16 uuid=5f2f2216-aa59-5af5-9ce8-61d760e0b449 text="composition_net_007" count=7 origin={173990000 454660000}
    native_local_wiring_diagnostic_test.go:92: candidate_order=17 uuid=96b6bb8c-03bb-5f2b-91dd-c83f16fb3744 text="composition_net_001" count=7 origin={133350000 215900000}
    native_local_wiring_diagnostic_test.go:92: candidate_order=18 uuid=99874032-33d2-57eb-aa3e-6ff424daedb4 text="composition_net_002" count=7 origin={133350000 287020000}
    native_local_wiring_diagnostic_test.go:92: candidate_order=19 uuid=d90b9ecf-c908-5f46-9ab7-9421959160c5 text="composition_net_004" count=7 origin={133350000 218440000}
    native_local_wiring_diagnostic_test.go:92: candidate_order=20 uuid=88f0faff-a560-5cae-aae1-212e00551e9c text="composition_net_004" count=8 origin={177800000 429260000}
    native_local_wiring_diagnostic_test.go:92: candidate_order=21 uuid=0200bf5b-9928-5bbd-a56a-5e20ff231312 text="composition_net_006" count=9 origin={134620000 429260000}
    native_local_wiring_diagnostic_test.go:92: candidate_order=22 uuid=2adbd9b3-1528-5e3f-8885-a91a5ddc3230 text="composition_net_001" count=9 origin={222250000 218440000}
    native_local_wiring_diagnostic_test.go:92: candidate_order=23 uuid=6167f3f3-5060-56b2-b584-d699f611e2de text="composition_net_001" count=9 origin={133350000 251460000}
    native_local_wiring_diagnostic_test.go:92: candidate_order=24 uuid=6a75d156-bda4-5b33-af2a-50ea6d38ad44 text="composition_net_003" count=9 origin={401320000 584200000}
    native_local_wiring_diagnostic_test.go:92: candidate_order=25 uuid=74bdabfe-684a-5b2f-bd79-12d980421840 text="composition_net_003" count=9 origin={337820000 218440000}
    native_local_wiring_diagnostic_test.go:92: candidate_order=26 uuid=e7d5e035-558a-5798-bae8-c3cbfc873ba4 text="composition_net_002" count=9 origin={322580000 218440000}
    native_local_wiring_diagnostic_test.go:92: candidate_order=27 uuid=711a2d9e-b0a5-53cc-b8c8-bfc9b915087f text="composition_net_005" count=11 origin={146050000 424180000}
    native_local_wiring_diagnostic_test.go:92: candidate_order=28 uuid=02f5e428-ff49-5c40-a065-78b1ef3efc65 text="composition_net_003" count=13 origin={198120000 449580000}
    native_local_wiring_diagnostic_test.go:92: candidate_order=29 uuid=081ec607-5694-5c88-8519-270b7e576ac6 text="composition_net_001" count=16 origin={182880000 387350000}
    native_local_wiring_diagnostic_test.go:92: candidate_order=30 uuid=1dc5a9e4-1452-57fd-8363-87a49714ca88 text="composition_net_001" count=16 origin={447040000 387350000}
    native_local_wiring_diagnostic_test.go:92: candidate_order=31 uuid=21f48cc6-7e67-5cb7-9e7a-5ae7ccb3945a text="composition_net_001" count=16 origin={182880000 472440000}
    native_local_wiring_diagnostic_test.go:92: candidate_order=32 uuid=3d82ffb1-e245-505c-b82a-0e68bce30c8b text="composition_net_001" count=16 origin={447040000 445770000}
    native_local_wiring_diagnostic_test.go:92: candidate_order=33 uuid=c2e3c6a4-bad1-5661-9a82-83603db0795b text="composition_net_002" count=16 origin={187960000 259080000}
    native_local_wiring_diagnostic_test.go:92: candidate_order=34 uuid=0a348267-c9cc-5321-b402-322d0f396d09 text="composition_net_003" count=18 origin={447040000 364490000}
    native_local_wiring_diagnostic_test.go:92: candidate_order=35 uuid=9816a028-393d-508a-b87c-b101495c2125 text="composition_net_003" count=18 origin={182880000 364490000}
    native_local_wiring_diagnostic_test.go:92: candidate_order=36 uuid=bf1caeac-136f-5e85-b6f6-40e08c2dea65 text="composition_net_007" count=65 origin={265430000 426720000}
    native_local_wiring_diagnostic_test.go:92: candidate_order=37 uuid=0ac96c5f-2154-5854-8347-d400af4c742c text="composition_net_006" count=68 origin={189230000 426720000}
    native_local_wiring_diagnostic_test.go:92: candidate_order=38 uuid=532f8287-9728-5c34-9b13-f0ac690245a1 text="composition_net_003" count=79 origin={379730000 218440000}
    native_local_wiring_diagnostic_test.go:92: candidate_order=39 uuid=5a2bf782-c6bc-5ee7-8224-7b8d4174dbef text="composition_net_002" count=79 origin={294640000 222250000}
    native_local_wiring_diagnostic_test.go:92: candidate_order=40 uuid=bafccab2-b043-5ef3-9c3b-45498655c566 text="composition_net_003" count=79 origin={365760000 222250000}
    native_local_wiring_diagnostic_test.go:92: candidate_order=41 uuid=f1392b83-ee6e-5cb6-b349-1178bb5fb5a7 text="composition_net_002" count=79 origin={280670000 218440000}
    native_local_wiring_diagnostic_test.go:92: candidate_order=42 uuid=c25f7c2d-4334-5c4f-80d8-896886221a92 text="composition_net_001" count=101 origin={449580000 541020000}
    native_local_wiring_diagnostic_test.go:92: candidate_order=43 uuid=32b77b63-e543-5552-b9ec-d542b74cff14 text="composition_net_001" count=221 origin={280670000 233680000}
    native_local_wiring_diagnostic_test.go:92: candidate_order=44 uuid=a3607507-89ad-58e3-9288-cc87d38c1464 text="composition_net_001" count=221 origin={330200000 231140000}
    native_local_wiring_diagnostic_test.go:92: candidate_order=45 uuid=748a64bb-909d-5b7c-9901-72ae138cf501 text="SUPPORT_PARTICIPANT_CONTROLLER__MCU_PF2" count=715 origin={317500000 525780000}
    native_local_wiring_diagnostic_test.go:92: candidate_order=46 uuid=ad55398d-827a-5908-b64a-eddca464f5a2 text="SUPPORT_PARTICIPANT_CONTROLLER__MCU_PF2" count=715 origin={429260000 492760000}
--- PASS: TestNativeLocalWiringFrozenCandidateDiagnostic (8.09s)
PASS
ok  	kicadai/internal/transactions	8.324s
