=== RUN   TestNativeLocalWiringFrozenCandidateDiagnostic
    native_local_wiring_diagnostic_test.go:52: derived drawing-only diagnostic /Users/dshills/Development/projects/KiCadAI/specs/ai-requirement-contract-integration/power-locality-offline-v1/diagnostic-transaction-2.json sha256=5dd4256a265599c1357e5949ef31beb568e37c8e3e43b1c9c4c0c2de718d9e96
    native_local_wiring_diagnostic_test.go:54: immutable input library_index.json sha256=f870dcbf7c738656691f0b337391050bd93c2a7ad37832be97bc50d8194d0359
    native_local_wiring_diagnostic_test.go:90: labels=45 placement_error=<nil>
    native_local_wiring_diagnostic_test.go:92: candidate_order=0 uuid=6cc6bdd2-bac8-5748-b178-c0126e5dbbe2 text="composition_net_003" count=2 origin={218440000 41910000}
    native_local_wiring_diagnostic_test.go:98: {"uuid":"6cc6bdd2-bac8-5748-b178-c0126e5dbbe2","text":"composition_net_003","origin":{"X":218440000,"Y":41910000},"candidates":[{"at":{"X":218440000,"Y":41910000},"box":{"MinX":217170000,"MinY":17780000,"MaxX":218440000,"MaxY":41910000},"rotation":90},{"at":{"X":218440000,"Y":41910000},"box":{"MinX":194310000,"MinY":40640000,"MaxX":218440000,"MaxY":41910000},"rotation":180}]}
    native_local_wiring_diagnostic_test.go:92: candidate_order=1 uuid=391550ab-41e6-545c-8063-83d54a7985c2 text="SUPPORT_PARTICIPANT_CONTROLLER__MCU_PA13" count=3 origin={387350000 264160000}
    native_local_wiring_diagnostic_test.go:98: {"uuid":"391550ab-41e6-545c-8063-83d54a7985c2","text":"SUPPORT_PARTICIPANT_CONTROLLER__MCU_PA13","origin":{"X":387350000,"Y":264160000},"candidates":[{"at":{"X":387350000,"Y":264160000},"box":{"MinX":336550000,"MinY":262890000,"MaxX":387350000,"MaxY":264160000},"rotation":180},{"at":{"X":388620000,"Y":264160000},"box":{"MinX":337820000,"MinY":262890000,"MaxX":388620000,"MaxY":264160000},"rotation":180},{"at":{"X":389890000,"Y":264160000},"box":{"MinX":339090000,"MinY":262890000,"MaxX":389890000,"MaxY":264160000},"rotation":180}]}
    native_local_wiring_diagnostic_test.go:92: candidate_order=2 uuid=3fdc9e77-ac3a-5312-b8cf-8e8be8abee7a text="SUPPORT_PARTICIPANT_CONTROLLER__MCU_PA13" count=3 origin={461010000 274320000}
    native_local_wiring_diagnostic_test.go:98: {"uuid":"3fdc9e77-ac3a-5312-b8cf-8e8be8abee7a","text":"SUPPORT_PARTICIPANT_CONTROLLER__MCU_PA13","origin":{"X":461010000,"Y":274320000},"candidates":[{"at":{"X":461010000,"Y":274320000},"box":{"MinX":461010000,"MinY":273050000,"MaxX":511810000,"MaxY":274320000},"rotation":0},{"at":{"X":459740000,"Y":274320000},"box":{"MinX":459740000,"MinY":273050000,"MaxX":510540000,"MaxY":274320000},"rotation":0},{"at":{"X":458470000,"Y":274320000},"box":{"MinX":458470000,"MinY":273050000,"MaxX":509270000,"MaxY":274320000},"rotation":0}]}
    native_local_wiring_diagnostic_test.go:92: candidate_order=3 uuid=597dbf52-9d77-5709-aaf3-c1663a2cfb49 text="composition_net_003" count=3 origin={387350000 261620000}
    native_local_wiring_diagnostic_test.go:98: {"uuid":"597dbf52-9d77-5709-aaf3-c1663a2cfb49","text":"composition_net_003","origin":{"X":387350000,"Y":261620000},"candidates":[{"at":{"X":387350000,"Y":261620000},"box":{"MinX":363220000,"MinY":260350000,"MaxX":387350000,"MaxY":261620000},"rotation":180},{"at":{"X":388620000,"Y":261620000},"box":{"MinX":364490000,"MinY":260350000,"MaxX":388620000,"MaxY":261620000},"rotation":180},{"at":{"X":389890000,"Y":261620000},"box":{"MinX":365760000,"MinY":260350000,"MaxX":389890000,"MaxY":261620000},"rotation":180}]}
    native_local_wiring_diagnostic_test.go:92: candidate_order=4 uuid=abe214d9-92a3-5bd7-9ec9-c6692a04c584 text="composition_net_001" count=3 origin={387350000 266700000}
    native_local_wiring_diagnostic_test.go:98: {"uuid":"abe214d9-92a3-5bd7-9ec9-c6692a04c584","text":"composition_net_001","origin":{"X":387350000,"Y":266700000},"candidates":[{"at":{"X":387350000,"Y":266700000},"box":{"MinX":363220000,"MinY":265430000,"MaxX":387350000,"MaxY":266700000},"rotation":180},{"at":{"X":388620000,"Y":266700000},"box":{"MinX":364490000,"MinY":265430000,"MaxX":388620000,"MaxY":266700000},"rotation":180},{"at":{"X":389890000,"Y":266700000},"box":{"MinX":365760000,"MinY":265430000,"MaxX":389890000,"MaxY":266700000},"rotation":180}]}
    native_local_wiring_diagnostic_test.go:92: candidate_order=5 uuid=b7c85093-f0fe-5cf1-b0b3-c0984525f999 text="SUPPORT_PARTICIPANT_CONTROLLER__MCU_PA14" count=3 origin={387350000 269240000}
    native_local_wiring_diagnostic_test.go:98: {"uuid":"b7c85093-f0fe-5cf1-b0b3-c0984525f999","text":"SUPPORT_PARTICIPANT_CONTROLLER__MCU_PA14","origin":{"X":387350000,"Y":269240000},"candidates":[{"at":{"X":387350000,"Y":269240000},"box":{"MinX":336550000,"MinY":267970000,"MaxX":387350000,"MaxY":269240000},"rotation":180},{"at":{"X":388620000,"Y":269240000},"box":{"MinX":337820000,"MinY":267970000,"MaxX":388620000,"MaxY":269240000},"rotation":180},{"at":{"X":389890000,"Y":269240000},"box":{"MinX":339090000,"MinY":267970000,"MaxX":389890000,"MaxY":269240000},"rotation":180}]}
    native_local_wiring_diagnostic_test.go:92: candidate_order=6 uuid=04bedfa8-7314-5c58-9762-1430b01d4c52 text="SUPPORT_PARTICIPANT_CONTROLLER__MCU_PF2" count=5 origin={408940000 335280000}
    native_local_wiring_diagnostic_test.go:98: {"uuid":"04bedfa8-7314-5c58-9762-1430b01d4c52","text":"SUPPORT_PARTICIPANT_CONTROLLER__MCU_PF2","origin":{"X":408940000,"Y":335280000},"candidates":[{"at":{"X":408940000,"Y":335280000},"box":{"MinX":408940000,"MinY":334010000,"MaxX":458470000,"MaxY":335280000},"rotation":0},{"at":{"X":408940000,"Y":335280000},"box":{"MinX":407670000,"MinY":335280000,"MaxX":408940000,"MaxY":384810000},"rotation":270},{"at":{"X":407670000,"Y":335280000},"box":{"MinX":407670000,"MinY":334010000,"MaxX":457200000,"MaxY":335280000},"rotation":0},{"at":{"X":407670000,"Y":335280000},"box":{"MinX":406400000,"MinY":335280000,"MaxX":407670000,"MaxY":384810000},"rotation":270},{"at":{"X":406400000,"Y":335280000},"box":{"MinX":406400000,"MinY":334010000,"MaxX":455930000,"MaxY":335280000},"rotation":0}]}
    native_local_wiring_diagnostic_test.go:92: candidate_order=7 uuid=9c64659b-d3a9-59f9-973e-28f98277de4e text="composition_net_005" count=5 origin={189230000 274320000}
    native_local_wiring_diagnostic_test.go:98: {"uuid":"9c64659b-d3a9-59f9-973e-28f98277de4e","text":"composition_net_005","origin":{"X":189230000,"Y":274320000},"candidates":[{"at":{"X":189230000,"Y":274320000},"box":{"MinX":189230000,"MinY":273050000,"MaxX":213360000,"MaxY":274320000},"rotation":0},{"at":{"X":189230000,"Y":274320000},"box":{"MinX":187960000,"MinY":274320000,"MaxX":189230000,"MaxY":298450000},"rotation":270},{"at":{"X":187960000,"Y":274320000},"box":{"MinX":187960000,"MinY":273050000,"MaxX":212090000,"MaxY":274320000},"rotation":0},{"at":{"X":187960000,"Y":274320000},"box":{"MinX":186690000,"MinY":274320000,"MaxX":187960000,"MaxY":298450000},"rotation":270},{"at":{"X":186690000,"Y":274320000},"box":{"MinX":186690000,"MinY":273050000,"MaxX":210820000,"MaxY":274320000},"rotation":0}]}
    native_local_wiring_diagnostic_test.go:92: candidate_order=8 uuid=befa9769-3445-5289-acaf-441d406a596c text="SUPPORT_PARTICIPANT_CONTROLLER__MCU_PA14" count=5 origin={461010000 276860000}
    native_local_wiring_diagnostic_test.go:92: candidate_order=9 uuid=1f53f357-87e5-5131-9c24-94322f1d4d0d text="composition_net_007" count=7 origin={166370000 271780000}
    native_local_wiring_diagnostic_test.go:92: candidate_order=10 uuid=27bf249b-642b-5020-ad88-1a53627f6582 text="composition_net_005" count=7 origin={461010000 246380000}
    native_local_wiring_diagnostic_test.go:92: candidate_order=11 uuid=4d3db046-33ac-516e-8540-6470f38404ba text="composition_net_004" count=7 origin={125730000 45720000}
    native_local_wiring_diagnostic_test.go:92: candidate_order=12 uuid=6bdd970b-6165-5152-8567-f50634019651 text="composition_net_005" count=7 origin={166370000 276860000}
    native_local_wiring_diagnostic_test.go:92: candidate_order=13 uuid=c948dfb8-1572-5d3a-b27b-db070720f18f text="composition_net_002" count=7 origin={125730000 114300000}
    native_local_wiring_diagnostic_test.go:92: candidate_order=14 uuid=dc695781-dbf7-5776-acb5-200a3509b7b8 text="composition_net_001" count=7 origin={125730000 43180000}
    native_local_wiring_diagnostic_test.go:92: candidate_order=15 uuid=e4707604-b190-55ed-a0b2-2be316048bfe text="composition_net_001" count=7 origin={269240000 246380000}
    native_local_wiring_diagnostic_test.go:92: candidate_order=16 uuid=e5d56d33-7b3e-57a7-a6d9-b8d897065ce5 text="composition_net_001" count=7 origin={125730000 116840000}
    native_local_wiring_diagnostic_test.go:92: candidate_order=17 uuid=f2534ca2-f503-57f6-8cce-c3330be6ed47 text="composition_net_001" count=7 origin={184150000 43180000}
    native_local_wiring_diagnostic_test.go:92: candidate_order=18 uuid=6dbd13a1-9818-58ae-8ab5-423a430736b3 text="composition_net_004" count=8 origin={170180000 246380000}
    native_local_wiring_diagnostic_test.go:92: candidate_order=19 uuid=07b914b2-4165-5bfd-b4f7-d76024399dd5 text="composition_net_001" count=9 origin={214630000 45720000}
    native_local_wiring_diagnostic_test.go:92: candidate_order=20 uuid=a6b51499-e026-5426-8019-5fcf463a2634 text="composition_net_003" count=9 origin={330200000 45720000}
    native_local_wiring_diagnostic_test.go:92: candidate_order=21 uuid=a94fbabe-c236-5fa1-9e12-a6f3346d3027 text="composition_net_006" count=9 origin={127000000 246380000}
    native_local_wiring_diagnostic_test.go:92: candidate_order=22 uuid=c699dc46-465d-5d2a-91ec-a1e319edf737 text="composition_net_001" count=9 origin={125730000 78740000}
    native_local_wiring_diagnostic_test.go:92: candidate_order=23 uuid=d249587a-c52c-5f6c-aaf1-57c8bdc6bc26 text="composition_net_002" count=9 origin={314960000 45720000}
    native_local_wiring_diagnostic_test.go:92: candidate_order=24 uuid=eb5f46fa-7105-53c5-9573-cdb0b910440d text="composition_net_003" count=9 origin={393700000 335280000}
    native_local_wiring_diagnostic_test.go:92: candidate_order=25 uuid=d1db20a6-14b0-561b-b769-75a35b369fac text="composition_net_005" count=11 origin={138430000 241300000}
    native_local_wiring_diagnostic_test.go:92: candidate_order=26 uuid=68ffe7e6-291d-5fb3-a0f0-dedb9ec5f448 text="composition_net_003" count=13 origin={190500000 266700000}
    native_local_wiring_diagnostic_test.go:92: candidate_order=27 uuid=0926b1b6-d10c-55b0-b25f-c6e39eb1e17a text="composition_net_001" count=16 origin={406400000 214630000}
    native_local_wiring_diagnostic_test.go:92: candidate_order=28 uuid=32756274-d21c-51d6-92ef-bf7bfacfec7a text="composition_net_001" count=16 origin={472440000 214630000}
    native_local_wiring_diagnostic_test.go:92: candidate_order=29 uuid=5fc48a01-ebdc-5db0-b94b-02440d5b58fd text="composition_net_001" count=16 origin={175260000 289560000}
    native_local_wiring_diagnostic_test.go:92: candidate_order=30 uuid=9f4d6ff4-cfa9-5792-8dde-cfd0c823fa0c text="composition_net_002" count=16 origin={180340000 86360000}
    native_local_wiring_diagnostic_test.go:92: candidate_order=31 uuid=c984499a-b38d-5ab6-89e7-86159c4c1c8c text="composition_net_001" count=16 origin={160020000 214630000}
    native_local_wiring_diagnostic_test.go:92: candidate_order=32 uuid=34b58bd6-e8dc-5ee9-881d-6edeb98172ad text="composition_net_003" count=18 origin={160020000 191770000}
    native_local_wiring_diagnostic_test.go:92: candidate_order=33 uuid=2e60ecf3-37fc-5aff-b008-c4c7ffec30e7 text="composition_net_007" count=65 origin={257810000 243840000}
    native_local_wiring_diagnostic_test.go:92: candidate_order=34 uuid=48f3aba7-d9c5-50e3-a572-032a50454d22 text="composition_net_006" count=68 origin={181610000 243840000}
    native_local_wiring_diagnostic_test.go:92: candidate_order=35 uuid=403905c0-f87b-52e6-afc7-7234a8845b21 text="composition_net_003" count=79 origin={358140000 49530000}
    native_local_wiring_diagnostic_test.go:92: candidate_order=36 uuid=72e41b27-cbcf-56f7-9d44-b09c25558db6 text="composition_net_003" count=79 origin={372110000 45720000}
    native_local_wiring_diagnostic_test.go:92: candidate_order=37 uuid=9a56578b-eaf7-5e3a-a157-72a43debff1f text="composition_net_002" count=79 origin={287020000 49530000}
    native_local_wiring_diagnostic_test.go:92: candidate_order=38 uuid=ec52c3e2-ad1e-55a6-a9dc-3672ed7b2df7 text="composition_net_002" count=79 origin={273050000 45720000}
    native_local_wiring_diagnostic_test.go:92: candidate_order=39 uuid=1b5f7a45-d716-54a8-8211-64af13605265 text="composition_net_001" count=101 origin={441960000 292100000}
    native_local_wiring_diagnostic_test.go:92: candidate_order=40 uuid=a5faff34-aaf7-5ec9-9c01-68cdca2d6793 text="composition_net_001" count=221 origin={322580000 58420000}
    native_local_wiring_diagnostic_test.go:92: candidate_order=41 uuid=e1a331cd-05cb-5223-bd7e-e584ebca91af text="composition_net_001" count=221 origin={273050000 60960000}
    native_local_wiring_diagnostic_test.go:92: candidate_order=42 uuid=f5c231a7-a738-539d-9953-3f2855f343c8 text="composition_net_003" count=321 origin={441960000 238760000}
    native_local_wiring_diagnostic_test.go:92: candidate_order=43 uuid=255fcdaa-3a48-5c16-917c-2d82e9557b1b text="SUPPORT_PARTICIPANT_CONTROLLER__MCU_PF2" count=703 origin={309880000 276860000}
    native_local_wiring_diagnostic_test.go:92: candidate_order=44 uuid=c9c24ea9-b803-5cb8-92a3-a94806fd3576 text="SUPPORT_PARTICIPANT_CONTROLLER__MCU_PF2" count=703 origin={421640000 243840000}
--- PASS: TestNativeLocalWiringFrozenCandidateDiagnostic (8.20s)
PASS
ok  	kicadai/internal/transactions	8.527s
