?   	kicadai	[no test files]
ok  	kicadai/cmd/ai-requirement-eval	0.314s
ok  	kicadai/cmd/kicadai	43.409s
ok  	kicadai/cmd/kicadai-baseline-publish-v10	0.778s
ok  	kicadai/cmd/kicadai-capability-advance-v10	0.756s
ok  	kicadai/cmd/kicadai-capability-eval	0.866s
ok  	kicadai/cmd/kicadai-capability-rank-v10	0.318s
ok  	kicadai/cmd/kicadai-corpus-publish	0.479s
ok  	kicadai/cmd/kicadai-corpus-publish-v10	0.475s
ok  	kicadai/cmd/kicadai-corpus-publish-v6	0.493s
ok  	kicadai/cmd/kicadai-corpus-publish-v7	0.486s
ok  	kicadai/cmd/kicadai-corpus-publish-v8	0.490s
ok  	kicadai/cmd/kicadai-corpus-validate	0.494s
ok  	kicadai/cmd/kicadai-corpus-validate-v10	0.511s
ok  	kicadai/cmd/kicadai-corpus-validate-v6	0.498s
ok  	kicadai/cmd/kicadai-corpus-validate-v7	0.627s
ok  	kicadai/cmd/kicadai-corpus-validate-v8	0.618s
ok  	kicadai/cmd/kicadai-corpus-validate-v9	0.611s
ok  	kicadai/cmd/kicadai-discovery-baseline-v10	0.656s
ok  	kicadai/cmd/kicadai-discovery-baseline-v11	0.853s
ok  	kicadai/cmd/kicadai-discovery-baseline-v12	0.990s
ok  	kicadai/cmd/kicadai-discovery-baseline-v13	0.688s
ok  	kicadai/cmd/kicadai-discovery-baseline-v14	0.608s
ok  	kicadai/cmd/kicadai-discovery-baseline-v15	0.626s
ok  	kicadai/cmd/kicadai-discovery-baseline-v16	0.661s
ok  	kicadai/cmd/kicadai-discovery-baseline-v17	0.780s
ok  	kicadai/cmd/kicadai-discovery-baseline-v18	0.758s
ok  	kicadai/cmd/kicadai-discovery-baseline-v19	0.751s
ok  	kicadai/cmd/kicadai-discovery-baseline-v20	0.748s
ok  	kicadai/cmd/kicadai-discovery-baseline-v21	0.803s
ok  	kicadai/cmd/kicadai-discovery-baseline-v22	0.798s
ok  	kicadai/cmd/kicadai-discovery-baseline-v23	0.682s
ok  	kicadai/cmd/kicadai-electrical-diagnostics	0.608s
ok  	kicadai/cmd/kicadai-promotion	0.527s
ok  	kicadai/cmd/kicadai-v9-history-custodian	0.627s
?   	kicadai/cmd/practical-board-eval	[no test files]
ok  	kicadai/internal/aiprovider	0.447s
ok  	kicadai/internal/aireadiness	0.400s
ok  	kicadai/internal/airequirementeval	2.938s
ok  	kicadai/internal/amplifiers	0.689s
ok  	kicadai/internal/architecturesearch	5.360s
ok  	kicadai/internal/atomicdir	0.222s
ok  	kicadai/internal/atomicfile	1.628s
ok  	kicadai/internal/behavioralintent	0.369s
ok  	kicadai/internal/blindbaseline	0.618s
ok  	kicadai/internal/blocks	1.845s
ok  	kicadai/internal/blocks/verification	3.005s
ok  	kicadai/internal/boardvalidation	0.306s
ok  	kicadai/internal/buildinfo	1.602s
ok  	kicadai/internal/canonicaljsonstream	0.345s
ok  	kicadai/internal/capabilityadvancementv10	0.544s
ok  	kicadai/internal/capabilitybaselinepublicationv10	0.788s
ok  	kicadai/internal/capabilitybaselinepublicationv9	0.703s
ok  	kicadai/internal/capabilitybaselinev10	0.185s
ok  	kicadai/internal/capabilitybaselinev9	0.172s
ok  	kicadai/internal/capabilitybundles	0.340s
ok  	kicadai/internal/capabilityevaluation	0.388s
ok  	kicadai/internal/capabilityexecutorv10	23.316s
ok  	kicadai/internal/capabilityexpansion	0.557s
ok  	kicadai/internal/capabilityfeedback	29.010s
ok  	kicadai/internal/capabilitygate	0.201s
ok  	kicadai/internal/capabilitypackages	0.179s
ok  	kicadai/internal/capabilityrounds	0.290s
ok  	kicadai/internal/capabilityroundsv10	0.290s
ok  	kicadai/internal/capabilityroundsv8	0.338s
ok  	kicadai/internal/capabilityroundsv9	6.018s
ok  	kicadai/internal/capabilityselectionv10	0.220s
ok  	kicadai/internal/circuitgraph	25.488s
ok  	kicadai/internal/closedloopsynthesis	0.249s
ok  	kicadai/internal/componentonboarding	3.769s
ok  	kicadai/internal/componentprops	0.194s
ok  	kicadai/internal/components	1.345s
ok  	kicadai/internal/compositionlowering	86.317s
ok  	kicadai/internal/config	0.419s
ok  	kicadai/internal/corpusassignment	0.170s
ok  	kicadai/internal/corpusfreeze	0.219s
ok  	kicadai/internal/corpusfreezev10	0.205s
ok  	kicadai/internal/corpusfreezev6	0.185s
ok  	kicadai/internal/corpusfreezev7	0.199s
ok  	kicadai/internal/corpusfreezev8	0.213s
ok  	kicadai/internal/corpusfreezev9	0.194s
ok  	kicadai/internal/corpushistoryv9	0.178s
ok  	kicadai/internal/corpuspublication	4.047s
ok  	kicadai/internal/creationevidence	0.555s
ok  	kicadai/internal/designworkflow	25.999s
ok  	kicadai/internal/domain	0.214s
ok  	kicadai/internal/electricaldiagnostics	0.261s
ok  	kicadai/internal/evaluate	0.220s
ok  	kicadai/internal/externalkey	0.192s
ok  	kicadai/internal/fabrication	0.337s
ok  	kicadai/internal/fabrication/physicalrules	0.360s
ok  	kicadai/internal/fabrication/profiles	0.217s
ok  	kicadai/internal/generate	0.265s
ok  	kicadai/internal/generationcapability	0.233s
ok  	kicadai/internal/inspect	0.216s
ok  	kicadai/internal/intentdraft	0.192s
ok  	kicadai/internal/intentplanner	0.693s
ok  	kicadai/internal/ipc	0.414s
ok  	kicadai/internal/kiapi	0.206s
?   	kicadai/internal/kiapi/gen/board	[no test files]
?   	kicadai/internal/kiapi/gen/board/commands	[no test files]
?   	kicadai/internal/kiapi/gen/board/jobs	[no test files]
?   	kicadai/internal/kiapi/gen/board/types	[no test files]
?   	kicadai/internal/kiapi/gen/common	[no test files]
?   	kicadai/internal/kiapi/gen/common/commands	[no test files]
?   	kicadai/internal/kiapi/gen/common/project	[no test files]
?   	kicadai/internal/kiapi/gen/common/types	[no test files]
?   	kicadai/internal/kiapi/gen/schematic/jobs	[no test files]
?   	kicadai/internal/kiapi/gen/schematic/types	[no test files]
ok  	kicadai/internal/kicadfiles	0.172s
ok  	kicadai/internal/kicadfiles/checks	0.236s
ok  	kicadai/internal/kicadfiles/design	1.237s
ok  	kicadai/internal/kicadfiles/designapi	1.166s
ok  	kicadai/internal/kicadfiles/library	0.193s
ok  	kicadai/internal/kicadfiles/pcb	0.254s
ok  	kicadai/internal/kicadfiles/project	0.259s
ok  	kicadai/internal/kicadfiles/roundtrip	1.939s
ok  	kicadai/internal/kicadfiles/schematic	0.337s
ok  	kicadai/internal/kicadfiles/sexpr	0.228s
ok  	kicadai/internal/libraryresolver	0.361s
ok  	kicadai/internal/manifest	0.290s
ok  	kicadai/internal/modelprovenance	0.220s
ok  	kicadai/internal/obligationanchor	0.214s
ok  	kicadai/internal/opentopologysynthesis	688.503s
ok  	kicadai/internal/pcbrules	0.440s
ok  	kicadai/internal/pinmap	0.193s
ok  	kicadai/internal/placement	1.132s
ok  	kicadai/internal/practicalboardeval	0.697s
ok  	kicadai/internal/preservation	0.206s
ok  	kicadai/internal/promotionrunner	1.799s
ok  	kicadai/internal/promotiontoolchain	0.507s
ok  	kicadai/internal/provenance	0.194s
ok  	kicadai/internal/rationale	0.203s
ok  	kicadai/internal/repair	5.529s
ok  	kicadai/internal/repairloop	0.222s
ok  	kicadai/internal/reportartifacts	0.182s
ok  	kicadai/internal/reports	0.185s
ok  	kicadai/internal/routing	0.197s
ok  	kicadai/internal/routingadapters	0.195s
ok  	kicadai/internal/runtimebudget	0.173s
ok  	kicadai/internal/schematic	0.218s
ok  	kicadai/internal/schematicir	50.184s
ok  	kicadai/internal/schematiclayout	0.654s
ok  	kicadai/internal/schematicpcb	0.200s
ok  	kicadai/internal/schematicrules	0.189s
ok  	kicadai/internal/simmodel	0.487s
ok  	kicadai/internal/simulationadmission	0.366s
?   	kicadai/internal/testsupport/tolerancecorpus	[no test files]
ok  	kicadai/internal/transactions	1.695s
ok  	kicadai/internal/workflows	0.267s
ok  	kicadai/internal/writercorrectness	0.256s
ok  	kicadai/specs/ai-requirement-contract-integration/publication-live-v1/replay-audit	0.235s
ok  	kicadai/specs/behavioral-contract-feasibility-realizability	0.190s
ok  	kicadai/specs/closed-loop-open-set-capability-expansion	0.356s
ok  	kicadai/specs/electrical-repair-followup-v23	0.293s
ok  	kicadai/specs/electrical-repair-followup-v23/public-evaluation-v23	0.336s
ok  	kicadai/specs/electrical-repair-followup-v23/publication-v23	0.267s
ok  	kicadai/specs/fable-code-review-remediation	0.202s
ok  	kicadai/specs/generic-analysis-model-solver-admission	0.190s
ok  	kicadai/specs/generic-causal-topology-repair	0.222s
ok  	kicadai/specs/generic-causal-topology-repair/maintenance-evaluation-1	0.291s
ok  	kicadai/specs/post-topology-electrical-blockers	0.214s
ok  	kicadai/specs/post-topology-electrical-blockers/public-evaluation-v22	0.292s
ok  	kicadai/specs/post-topology-electrical-blockers/publication-v22	0.247s
?   	kicadai/specs/tolerance-sensitivity	[no test files]
