?   	kicadai	[no test files]
ok  	kicadai/cmd/ai-requirement-eval	0.253s
ok  	kicadai/cmd/kicadai	50.231s
ok  	kicadai/cmd/kicadai-baseline-publish-v10	0.707s
ok  	kicadai/cmd/kicadai-capability-advance-v10	0.743s
ok  	kicadai/cmd/kicadai-capability-eval	0.848s
ok  	kicadai/cmd/kicadai-capability-rank-v10	0.351s
ok  	kicadai/cmd/kicadai-corpus-publish	0.469s
ok  	kicadai/cmd/kicadai-corpus-publish-v10	0.408s
ok  	kicadai/cmd/kicadai-corpus-publish-v6	0.479s
ok  	kicadai/cmd/kicadai-corpus-publish-v7	0.483s
ok  	kicadai/cmd/kicadai-corpus-publish-v8	0.484s
ok  	kicadai/cmd/kicadai-corpus-validate	0.492s
ok  	kicadai/cmd/kicadai-corpus-validate-v10	0.487s
ok  	kicadai/cmd/kicadai-corpus-validate-v6	0.485s
ok  	kicadai/cmd/kicadai-corpus-validate-v7	0.478s
ok  	kicadai/cmd/kicadai-corpus-validate-v8	0.615s
ok  	kicadai/cmd/kicadai-corpus-validate-v9	0.619s
ok  	kicadai/cmd/kicadai-discovery-baseline-v10	0.416s
ok  	kicadai/cmd/kicadai-discovery-baseline-v11	0.425s
ok  	kicadai/cmd/kicadai-discovery-baseline-v12	0.650s
ok  	kicadai/cmd/kicadai-discovery-baseline-v13	0.607s
ok  	kicadai/cmd/kicadai-discovery-baseline-v14	0.602s
ok  	kicadai/cmd/kicadai-discovery-baseline-v15	0.582s
ok  	kicadai/cmd/kicadai-discovery-baseline-v16	0.593s
ok  	kicadai/cmd/kicadai-discovery-baseline-v17	0.590s
ok  	kicadai/cmd/kicadai-discovery-baseline-v18	1.204s
ok  	kicadai/cmd/kicadai-discovery-baseline-v19	1.210s
ok  	kicadai/cmd/kicadai-discovery-baseline-v20	1.143s
ok  	kicadai/cmd/kicadai-discovery-baseline-v21	0.665s
ok  	kicadai/cmd/kicadai-discovery-baseline-v22	0.675s
ok  	kicadai/cmd/kicadai-discovery-baseline-v23	0.658s
ok  	kicadai/cmd/kicadai-electrical-diagnostics	0.511s
ok  	kicadai/cmd/kicadai-promotion	0.760s
ok  	kicadai/cmd/kicadai-v9-history-custodian	0.946s
?   	kicadai/cmd/practical-board-eval	[no test files]
ok  	kicadai/internal/aiprovider	1.218s
ok  	kicadai/internal/aireadiness	0.979s
ok  	kicadai/internal/airequirementeval	3.881s
ok  	kicadai/internal/amplifiers	1.789s
ok  	kicadai/internal/architecturesearch	7.214s
ok  	kicadai/internal/atomicdir	0.552s
ok  	kicadai/internal/atomicfile	2.213s
ok  	kicadai/internal/behavioralintent	0.700s
ok  	kicadai/internal/blindbaseline	0.752s
ok  	kicadai/internal/blocks	2.355s
ok  	kicadai/internal/blocks/verification	3.646s
ok  	kicadai/internal/boardvalidation	0.289s
ok  	kicadai/internal/buildinfo	1.419s
ok  	kicadai/internal/canonicaljsonstream	0.447s
ok  	kicadai/internal/capabilityadvancementv10	0.608s
ok  	kicadai/internal/capabilitybaselinepublicationv10	0.501s
ok  	kicadai/internal/capabilitybaselinepublicationv9	0.586s
ok  	kicadai/internal/capabilitybaselinev10	0.668s
ok  	kicadai/internal/capabilitybaselinev9	0.656s
ok  	kicadai/internal/capabilitybundles	0.670s
ok  	kicadai/internal/capabilityevaluation	0.763s
ok  	kicadai/internal/capabilityexecutorv10	26.573s
ok  	kicadai/internal/capabilityexpansion	0.682s
ok  	kicadai/internal/capabilityfeedback	30.110s
ok  	kicadai/internal/capabilitygate	0.481s
ok  	kicadai/internal/capabilitypackages	0.300s
ok  	kicadai/internal/capabilityrounds	0.286s
ok  	kicadai/internal/capabilityroundsv10	0.286s
ok  	kicadai/internal/capabilityroundsv8	0.404s
ok  	kicadai/internal/capabilityroundsv9	6.222s
ok  	kicadai/internal/capabilityselectionv10	0.392s
ok  	kicadai/internal/circuitgraph	30.726s
ok  	kicadai/internal/closedloopsynthesis	0.457s
ok  	kicadai/internal/componentonboarding	5.343s
ok  	kicadai/internal/componentprops	0.255s
ok  	kicadai/internal/components	1.595s
ok  	kicadai/internal/compositionlowering	89.145s
ok  	kicadai/internal/config	0.257s
ok  	kicadai/internal/corpusassignment	0.243s
ok  	kicadai/internal/corpusfreeze	0.241s
ok  	kicadai/internal/corpusfreezev10	0.352s
ok  	kicadai/internal/corpusfreezev6	0.187s
ok  	kicadai/internal/corpusfreezev7	0.195s
ok  	kicadai/internal/corpusfreezev8	0.196s
ok  	kicadai/internal/corpusfreezev9	0.248s
ok  	kicadai/internal/corpushistoryv9	0.354s
ok  	kicadai/internal/corpuspublication	4.132s
ok  	kicadai/internal/creationevidence	0.815s
ok  	kicadai/internal/designworkflow	26.827s
ok  	kicadai/internal/domain	0.195s
ok  	kicadai/internal/electricaldiagnostics	0.350s
ok  	kicadai/internal/evaluate	0.391s
ok  	kicadai/internal/externalkey	0.275s
ok  	kicadai/internal/fabrication	0.441s
ok  	kicadai/internal/fabrication/physicalrules	0.341s
ok  	kicadai/internal/fabrication/profiles	0.175s
ok  	kicadai/internal/generate	0.453s
ok  	kicadai/internal/generationcapability	0.391s
ok  	kicadai/internal/inspect	0.269s
ok  	kicadai/internal/intentdraft	0.219s
ok  	kicadai/internal/intentplanner	0.717s
ok  	kicadai/internal/ipc	0.380s
ok  	kicadai/internal/kiapi	0.203s
?   	kicadai/internal/kiapi/gen/board	[no test files]
?   	kicadai/internal/kiapi/gen/board/commands	[no test files]
?   	kicadai/internal/kiapi/gen/board/jobs	[no test files]
?   	kicadai/internal/kiapi/gen/board/types	[no test files]
?   	kicadai/internal/kiapi/gen/common	[no test files]
?   	kicadai/internal/kiapi/gen/common/commands	[no test files]
?   	kicadai/internal/kiapi/gen/common/project	[no test files]
?   	kicadai/internal/kiapi/gen/common/types	[no test files]
?   	kicadai/internal/kiapi/gen/schematic/jobs	[no test files]
?   	kicadai/internal/kiapi/gen/schematic/types	[no test files]
ok  	kicadai/internal/kicadfiles	0.170s
ok  	kicadai/internal/kicadfiles/checks	0.317s
ok  	kicadai/internal/kicadfiles/design	0.726s
ok  	kicadai/internal/kicadfiles/designapi	0.749s
ok  	kicadai/internal/kicadfiles/library	0.239s
ok  	kicadai/internal/kicadfiles/pcb	0.218s
ok  	kicadai/internal/kicadfiles/project	0.179s
ok  	kicadai/internal/kicadfiles/roundtrip	1.784s
ok  	kicadai/internal/kicadfiles/schematic	0.315s
ok  	kicadai/internal/kicadfiles/sexpr	0.229s
ok  	kicadai/internal/libraryresolver	0.379s
ok  	kicadai/internal/manifest	0.284s
ok  	kicadai/internal/modelprovenance	0.348s
ok  	kicadai/internal/obligationanchor	0.248s
ok  	kicadai/internal/opentopologysynthesis	690.673s
ok  	kicadai/internal/pcbrules	0.472s
ok  	kicadai/internal/pinmap	0.204s
ok  	kicadai/internal/placement	1.031s
ok  	kicadai/internal/practicalboardeval	0.708s
ok  	kicadai/internal/preservation	0.202s
ok  	kicadai/internal/promotionrunner	2.264s
ok  	kicadai/internal/promotiontoolchain	0.516s
ok  	kicadai/internal/provenance	0.204s
ok  	kicadai/internal/rationale	0.213s
ok  	kicadai/internal/repair	5.538s
ok  	kicadai/internal/repairloop	0.273s
ok  	kicadai/internal/reportartifacts	0.270s
ok  	kicadai/internal/reports	0.375s
ok  	kicadai/internal/routing	0.512s
ok  	kicadai/internal/routingadapters	0.514s
ok  	kicadai/internal/runtimebudget	0.448s
ok  	kicadai/internal/schematic	0.620s
ok  	kicadai/internal/schematicir	53.552s
ok  	kicadai/internal/schematiclayout	0.661s
ok  	kicadai/internal/schematicpcb	0.192s
ok  	kicadai/internal/schematicrules	0.175s
ok  	kicadai/internal/simmodel	0.484s
ok  	kicadai/internal/simulationadmission	0.341s
?   	kicadai/internal/testsupport/tolerancecorpus	[no test files]
ok  	kicadai/internal/transactions	1.762s
ok  	kicadai/internal/workflows	0.265s
ok  	kicadai/internal/writercorrectness	0.234s
ok  	kicadai/specs/ai-requirement-contract-integration/publication-live-v1/replay-audit	0.231s
ok  	kicadai/specs/behavioral-contract-feasibility-realizability	0.185s
ok  	kicadai/specs/closed-loop-open-set-capability-expansion	0.402s
ok  	kicadai/specs/electrical-repair-followup-v23	0.329s
ok  	kicadai/specs/electrical-repair-followup-v23/public-evaluation-v23	0.324s
ok  	kicadai/specs/electrical-repair-followup-v23/publication-v23	0.260s
ok  	kicadai/specs/fable-code-review-remediation	0.191s
ok  	kicadai/specs/generic-analysis-model-solver-admission	0.186s
ok  	kicadai/specs/generic-causal-topology-repair	0.193s
ok  	kicadai/specs/generic-causal-topology-repair/maintenance-evaluation-1	0.279s
ok  	kicadai/specs/post-topology-electrical-blockers	0.210s
ok  	kicadai/specs/post-topology-electrical-blockers/public-evaluation-v22	0.281s
ok  	kicadai/specs/post-topology-electrical-blockers/publication-v22	0.236s
?   	kicadai/specs/tolerance-sensitivity	[no test files]
